Archive member included to satisfy reference by file (symbol)

c:/Users/Aaron/AppData/Roaming/Code/User/globalStorage/bmd.stm32-for-vscode/@xpack-dev-tools/arm-none-eabi-gcc/13.2.1-1.1.1/.content/bin/../lib/gcc/arm-none-eabi/13.2.1/../../../../arm-none-eabi/lib/thumb/v7e-m+dp/hard\libc_nano.a(libc_a-atexit.o)
                              c:/Users/Aaron/AppData/Roaming/Code/User/globalStorage/bmd.stm32-for-vscode/@xpack-dev-tools/arm-none-eabi-gcc/13.2.1-1.1.1/.content/bin/../lib/gcc/arm-none-eabi/13.2.1/../../../../arm-none-eabi/lib/thumb/v7e-m+dp/hard/crt0.o (atexit)
c:/Users/Aaron/AppData/Roaming/Code/User/globalStorage/bmd.stm32-for-vscode/@xpack-dev-tools/arm-none-eabi-gcc/13.2.1-1.1.1/.content/bin/../lib/gcc/arm-none-eabi/13.2.1/../../../../arm-none-eabi/lib/thumb/v7e-m+dp/hard\libc_nano.a(libc_a-exit.o)
                              c:/Users/Aaron/AppData/Roaming/Code/User/globalStorage/bmd.stm32-for-vscode/@xpack-dev-tools/arm-none-eabi-gcc/13.2.1-1.1.1/.content/bin/../lib/gcc/arm-none-eabi/13.2.1/../../../../arm-none-eabi/lib/thumb/v7e-m+dp/hard/crt0.o (exit)
c:/Users/Aaron/AppData/Roaming/Code/User/globalStorage/bmd.stm32-for-vscode/@xpack-dev-tools/arm-none-eabi-gcc/13.2.1-1.1.1/.content/bin/../lib/gcc/arm-none-eabi/13.2.1/../../../../arm-none-eabi/lib/thumb/v7e-m+dp/hard\libc_nano.a(libc_a-findfp.o)
                              c:/Users/Aaron/AppData/Roaming/Code/User/globalStorage/bmd.stm32-for-vscode/@xpack-dev-tools/arm-none-eabi-gcc/13.2.1-1.1.1/.content/bin/../lib/gcc/arm-none-eabi/13.2.1/../../../../arm-none-eabi/lib/thumb/v7e-m+dp/hard\libc_nano.a(libc_a-exit.o) (__stdio_exit_handler)
c:/Users/Aaron/AppData/Roaming/Code/User/globalStorage/bmd.stm32-for-vscode/@xpack-dev-tools/arm-none-eabi-gcc/13.2.1-1.1.1/.content/bin/../lib/gcc/arm-none-eabi/13.2.1/../../../../arm-none-eabi/lib/thumb/v7e-m+dp/hard\libc_nano.a(libc_a-fwalk.o)
                              c:/Users/Aaron/AppData/Roaming/Code/User/globalStorage/bmd.stm32-for-vscode/@xpack-dev-tools/arm-none-eabi-gcc/13.2.1-1.1.1/.content/bin/../lib/gcc/arm-none-eabi/13.2.1/../../../../arm-none-eabi/lib/thumb/v7e-m+dp/hard\libc_nano.a(libc_a-findfp.o) (_fwalk_sglue)
c:/Users/Aaron/AppData/Roaming/Code/User/globalStorage/bmd.stm32-for-vscode/@xpack-dev-tools/arm-none-eabi-gcc/13.2.1-1.1.1/.content/bin/../lib/gcc/arm-none-eabi/13.2.1/../../../../arm-none-eabi/lib/thumb/v7e-m+dp/hard\libc_nano.a(libc_a-stdio.o)
                              c:/Users/Aaron/AppData/Roaming/Code/User/globalStorage/bmd.stm32-for-vscode/@xpack-dev-tools/arm-none-eabi-gcc/13.2.1-1.1.1/.content/bin/../lib/gcc/arm-none-eabi/13.2.1/../../../../arm-none-eabi/lib/thumb/v7e-m+dp/hard\libc_nano.a(libc_a-findfp.o) (__sread)
c:/Users/Aaron/AppData/Roaming/Code/User/globalStorage/bmd.stm32-for-vscode/@xpack-dev-tools/arm-none-eabi-gcc/13.2.1-1.1.1/.content/bin/../lib/gcc/arm-none-eabi/13.2.1/../../../../arm-none-eabi/lib/thumb/v7e-m+dp/hard\libc_nano.a(libc_a-memset.o)
                              c:/Users/Aaron/AppData/Roaming/Code/User/globalStorage/bmd.stm32-for-vscode/@xpack-dev-tools/arm-none-eabi-gcc/13.2.1-1.1.1/.content/bin/../lib/gcc/arm-none-eabi/13.2.1/../../../../arm-none-eabi/lib/thumb/v7e-m+dp/hard/crt0.o (memset)
c:/Users/Aaron/AppData/Roaming/Code/User/globalStorage/bmd.stm32-for-vscode/@xpack-dev-tools/arm-none-eabi-gcc/13.2.1-1.1.1/.content/bin/../lib/gcc/arm-none-eabi/13.2.1/../../../../arm-none-eabi/lib/thumb/v7e-m+dp/hard\libc_nano.a(libc_a-closer.o)
                              c:/Users/Aaron/AppData/Roaming/Code/User/globalStorage/bmd.stm32-for-vscode/@xpack-dev-tools/arm-none-eabi-gcc/13.2.1-1.1.1/.content/bin/../lib/gcc/arm-none-eabi/13.2.1/../../../../arm-none-eabi/lib/thumb/v7e-m+dp/hard\libc_nano.a(libc_a-stdio.o) (_close_r)
c:/Users/Aaron/AppData/Roaming/Code/User/globalStorage/bmd.stm32-for-vscode/@xpack-dev-tools/arm-none-eabi-gcc/13.2.1-1.1.1/.content/bin/../lib/gcc/arm-none-eabi/13.2.1/../../../../arm-none-eabi/lib/thumb/v7e-m+dp/hard\libc_nano.a(libc_a-reent.o)
                              c:/Users/Aaron/AppData/Roaming/Code/User/globalStorage/bmd.stm32-for-vscode/@xpack-dev-tools/arm-none-eabi-gcc/13.2.1-1.1.1/.content/bin/../lib/gcc/arm-none-eabi/13.2.1/../../../../arm-none-eabi/lib/thumb/v7e-m+dp/hard\libc_nano.a(libc_a-closer.o) (errno)
c:/Users/Aaron/AppData/Roaming/Code/User/globalStorage/bmd.stm32-for-vscode/@xpack-dev-tools/arm-none-eabi-gcc/13.2.1-1.1.1/.content/bin/../lib/gcc/arm-none-eabi/13.2.1/../../../../arm-none-eabi/lib/thumb/v7e-m+dp/hard\libc_nano.a(libc_a-impure.o)
                              c:/Users/Aaron/AppData/Roaming/Code/User/globalStorage/bmd.stm32-for-vscode/@xpack-dev-tools/arm-none-eabi-gcc/13.2.1-1.1.1/.content/bin/../lib/gcc/arm-none-eabi/13.2.1/../../../../arm-none-eabi/lib/thumb/v7e-m+dp/hard\libc_nano.a(libc_a-reent.o) (_impure_ptr)
[...]
Memory Configuration

Name             Origin             Length             Attributes
DTCMRAM          0x20000000         0x00020000         xrw
RAM_D1           0x24000000         0x00050000         xrw
RAM_D2           0x30000000         0x00008000         xrw
RAM_D3           0x38000000         0x00004000         xrw
ITCMRAM          0x00000000         0x00010000         xrw
FLASH            0x08000000         0x00100000         xr
*default*        0x00000000         0xffffffff

Linker script and memory map

LOAD c:/Users/Aaron/AppData/Roaming/Code/User/globalStorage/bmd.stm32-for-vscode/@xpack-dev-tools/arm-none-eabi-gcc/13.2.1-1.1.1/.content/bin/../lib/gcc/arm-none-eabi/13.2.1/thumb/v7e-m+dp/hard/crti.o
LOAD c:/Users/Aaron/AppData/Roaming/Code/User/globalStorage/bmd.stm32-for-vscode/@xpack-dev-tools/arm-none-eabi-gcc/13.2.1-1.1.1/.content/bin/../lib/gcc/arm-none-eabi/13.2.1/thumb/v7e-m+dp/hard/crtbegin.o
LOAD c:/Users/Aaron/AppData/Roaming/Code/User/globalStorage/bmd.stm32-for-vscode/@xpack-dev-tools/arm-none-eabi-gcc/13.2.1-1.1.1/.content/bin/../lib/gcc/arm-none-eabi/13.2.1/../../../../arm-none-eabi/lib/thumb/v7e-m+dp/hard/crt0.o
LOAD build/freertos.o
LOAD build/main.o
LOAD build/stm32h7xx_hal_msp.o
LOAD build/stm32h7xx_hal_timebase_tim.o
LOAD build/stm32h7xx_it.o
LOAD build/syscalls.o
LOAD build/sysmem.o
LOAD build/system_stm32h7xx.o
LOAD build/stm32h7xx_hal.o
LOAD build/stm32h7xx_hal_cortex.o
LOAD build/stm32h7xx_hal_dma.o
LOAD build/stm32h7xx_hal_dma_ex.o
LOAD build/stm32h7xx_hal_eth.o
LOAD build/stm32h7xx_hal_eth_ex.o
LOAD build/stm32h7xx_hal_exti.o
LOAD build/stm32h7xx_hal_flash.o
LOAD build/stm32h7xx_hal_flash_ex.o
LOAD build/stm32h7xx_hal_gpio.o
LOAD build/stm32h7xx_hal_hsem.o
LOAD build/stm32h7xx_hal_i2c.o
LOAD build/stm32h7xx_hal_i2c_ex.o
LOAD build/stm32h7xx_hal_mdma.o
LOAD build/stm32h7xx_hal_pwr.o
LOAD build/stm32h7xx_hal_pwr_ex.o
LOAD build/stm32h7xx_hal_rcc.o
LOAD build/stm32h7xx_hal_rcc_ex.o
LOAD build/stm32h7xx_hal_tim.o
LOAD build/stm32h7xx_hal_tim_ex.o
LOAD build/stm32h7xx_hal_uart.o
LOAD build/stm32h7xx_hal_uart_ex.o
LOAD build/cmsis_os2.o
LOAD build/croutine.o
LOAD build/event_groups.o
LOAD build/list.o
LOAD build/port.o
LOAD build/heap_4.o
LOAD build/queue.o
LOAD build/stream_buffer.o
LOAD build/tasks.o
LOAD build/timers.o
LOAD build/startup_stm32h723xx.o
LOAD c:/Users/Aaron/AppData/Roaming/Code/User/globalStorage/bmd.stm32-for-vscode/@xpack-dev-tools/arm-none-eabi-gcc/13.2.1-1.1.1/.content/bin/../lib/gcc/arm-none-eabi/13.2.1/../../../../arm-none-eabi/lib/thumb/v7e-m+dp/hard\libc_nano.a
LOAD c:/Users/Aaron/AppData/Roaming/Code/User/globalStorage/bmd.stm32-for-vscode/@xpack-dev-tools/arm-none-eabi-gcc/13.2.1-1.1.1/.content/bin/../lib/gcc/arm-none-eabi/13.2.1/../../../../arm-none-eabi/lib/thumb/v7e-m+dp/hard\libm.a
LOAD c:/Users/Aaron/AppData/Roaming/Code/User/globalStorage/bmd.stm32-for-vscode/@xpack-dev-tools/arm-none-eabi-gcc/13.2.1-1.1.1/.content/bin/../lib/gcc/arm-none-eabi/13.2.1/../../../../arm-none-eabi/lib/thumb/v7e-m+dp/hard\libnosys.a
START GROUP
LOAD c:/Users/Aaron/AppData/Roaming/Code/User/globalStorage/bmd.stm32-for-vscode/@xpack-dev-tools/arm-none-eabi-gcc/13.2.1-1.1.1/.content/bin/../lib/gcc/arm-none-eabi/13.2.1/thumb/v7e-m+dp/hard\libgcc.a
LOAD c:/Users/Aaron/AppData/Roaming/Code/User/globalStorage/bmd.stm32-for-vscode/@xpack-dev-tools/arm-none-eabi-gcc/13.2.1-1.1.1/.content/bin/../lib/gcc/arm-none-eabi/13.2.1/../../../../arm-none-eabi/lib/thumb/v7e-m+dp/hard\libc_nano.a
END GROUP
START GROUP
LOAD c:/Users/Aaron/AppData/Roaming/Code/User/globalStorage/bmd.stm32-for-vscode/@xpack-dev-tools/arm-none-eabi-gcc/13.2.1-1.1.1/.content/bin/../lib/gcc/arm-none-eabi/13.2.1/thumb/v7e-m+dp/hard\libgcc.a
LOAD c:/Users/Aaron/AppData/Roaming/Code/User/globalStorage/bmd.stm32-for-vscode/@xpack-dev-tools/arm-none-eabi-gcc/13.2.1-1.1.1/.content/bin/../lib/gcc/arm-none-eabi/13.2.1/../../../../arm-none-eabi/lib/thumb/v7e-m+dp/hard\libc_nano.a
END GROUP
LOAD c:/Users/Aaron/AppData/Roaming/Code/User/globalStorage/bmd.stm32-for-vscode/@xpack-dev-tools/arm-none-eabi-gcc/13.2.1-1.1.1/.content/bin/../lib/gcc/arm-none-eabi/13.2.1/thumb/v7e-m+dp/hard/crtend.o
LOAD c:/Users/Aaron/AppData/Roaming/Code/User/globalStorage/bmd.stm32-for-vscode/@xpack-dev-tools/arm-none-eabi-gcc/13.2.1-1.1.1/.content/bin/../lib/gcc/arm-none-eabi/13.2.1/thumb/v7e-m+dp/hard/crtn.o
                0x20020000                        _estack = (ORIGIN (DTCMRAM) + LENGTH (DTCMRAM))
                0x00000200                        _Min_Heap_Size = 0x200
                0x00000400                        _Min_Stack_Size = 0x400

.isr_vector     0x08000000      0x2cc
                0x08000000                        . = ALIGN (0x4)
 *(.isr_vector)
 .isr_vector    0x08000000      0x2cc build/startup_stm32h723xx.o
                0x08000000                g_pfnVectors
                0x080002cc                        . = ALIGN (0x4)

.text           0x080002d0     0x5bf0
                0x080002d0                        . = ALIGN (0x4)
 *(.text)
 .text          0x080002d0       0x30 c:/Users/Aaron/AppData/Roaming/Code/User/globalStorage/bmd.stm32-for-vscode/@xpack-dev-tools/arm-none-eabi-gcc/13.2.1-1.1.1/.content/bin/../lib/gcc/arm-none-eabi/13.2.1/thumb/v7e-m+dp/hard\libgcc.a(_aeabi_uldivmod.o)
                0x080002d0                __aeabi_uldivmod
 .text          0x08000300        0x4 c:/Users/Aaron/AppData/Roaming/Code/User/globalStorage/bmd.stm32-for-vscode/@xpack-dev-tools/arm-none-eabi-gcc/13.2.1-1.1.1/.content/bin/../lib/gcc/arm-none-eabi/13.2.1/thumb/v7e-m+dp/hard\libgcc.a(_dvmd_tls.o)
                0x08000300                __aeabi_idiv0
                0x08000300                __aeabi_ldiv0
 *(.text*)
 .text.__do_global_dtors_aux
                0x08000304       0x24 c:/Users/Aaron/AppData/Roaming/Code/User/globalStorage/bmd.stm32-for-vscode/@xpack-dev-tools/arm-none-eabi-gcc/13.2.1-1.1.1/.content/bin/../lib/gcc/arm-none-eabi/13.2.1/thumb/v7e-m+dp/hard/crtbegin.o
 .text.frame_dummy
                0x08000328       0x1c c:/Users/Aaron/AppData/Roaming/Code/User/globalStorage/bmd.stm32-for-vscode/@xpack-dev-tools/arm-none-eabi-gcc/13.2.1-1.1.1/.content/bin/../lib/gcc/arm-none-eabi/13.2.1/thumb/v7e-m+dp/hard/crtbegin.o
 .text.MX_GPIO_Init
                0x08000344      0x190 build/main.o
 .text.StartBlinkGreen
                0x080004d4       0x18 build/main.o
                0x080004d4                StartBlinkGreen
 .text.StartBlinkRed
                0x080004ec       0x18 build/main.o
                0x080004ec                StartBlinkRed
 .text.HAL_TIM_PeriodElapsedCallback
                0x08000504       0x18 build/main.o
                0x08000504                HAL_TIM_PeriodElapsedCallback
 .text.Error_Handler
                0x0800051c        0x4 build/main.o
                0x0800051c                Error_Handler
 .text.MX_ETH_Init
                0x08000520       0x6c build/main.o
 .text.MX_USART3_UART_Init
                0x0800058c       0x60 build/main.o
 .text.SystemClock_Config
                0x080005ec       0xac build/main.o
                0x080005ec                SystemClock_Config
 .text.main     0x08000698       0x54 build/main.o
                0x08000698                main
 .text.HAL_MspInit
                0x080006ec       0x34 build/stm32h7xx_hal_msp.o
                0x080006ec                HAL_MspInit
 .text.HAL_ETH_MspInit
                0x08000720      0x138 build/stm32h7xx_hal_msp.o
                0x08000720                HAL_ETH_MspInit
 .text.HAL_UART_MspInit
                0x08000858       0x98 build/stm32h7xx_hal_msp.o
                0x08000858                HAL_UART_MspInit
 .text.HAL_InitTick
                0x080008f0       0x9c build/stm32h7xx_hal_timebase_tim.o
                0x080008f0                HAL_InitTick
 .text.NMI_Handler
                0x0800098c        0x2 build/stm32h7xx_it.o
                0x0800098c                NMI_Handler
 .text.HardFault_Handler
                0x0800098e        0x2 build/stm32h7xx_it.o
                0x0800098e                HardFault_Handler
 .text.MemManage_Handler
                0x08000990        0x2 build/stm32h7xx_it.o
                0x08000990                MemManage_Handler
 .text.BusFault_Handler
                0x08000992        0x2 build/stm32h7xx_it.o
                0x08000992                BusFault_Handler
 .text.UsageFault_Handler
                0x08000994        0x2 build/stm32h7xx_it.o
                0x08000994                UsageFault_Handler
 .text.DebugMon_Handler
                0x08000996        0x2 build/stm32h7xx_it.o
                0x08000996                DebugMon_Handler
 .text.TIM6_DAC_IRQHandler
                0x08000998       0x10 build/stm32h7xx_it.o
                0x08000998                TIM6_DAC_IRQHandler
 .text.SystemInit
                0x080009a8       0xac build/system_stm32h7xx.o
                0x080009a8                SystemInit
 .text.HAL_Init
                0x08000a54       0x5c build/stm32h7xx_hal.o
                0x08000a54                HAL_Init
 .text.HAL_IncTick
                0x08000ab0       0x18 build/stm32h7xx_hal.o
                0x08000ab0                HAL_IncTick
 .text.HAL_GetTick
                0x08000ac8        0xc build/stm32h7xx_hal.o
                0x08000ac8                HAL_GetTick
 .text.HAL_SYSCFG_ETHInterfaceSelect
                0x08000ad4       0x14 build/stm32h7xx_hal.o
                0x08000ad4                HAL_SYSCFG_ETHInterfaceSelect
 .text.__NVIC_EnableIRQ
                0x08000ae8       0x1c build/stm32h7xx_hal_cortex.o
 .text.__NVIC_SetPriority
                0x08000b04       0x24 build/stm32h7xx_hal_cortex.o
 .text.NVIC_EncodePriority
                0x08000b28       0x3e build/stm32h7xx_hal_cortex.o
 *fill*         0x08000b66        0x2 
 .text.HAL_NVIC_SetPriorityGrouping
                0x08000b68       0x24 build/stm32h7xx_hal_cortex.o
                0x08000b68                HAL_NVIC_SetPriorityGrouping
 .text.HAL_NVIC_SetPriority
                0x08000b8c       0x20 build/stm32h7xx_hal_cortex.o
                0x08000b8c                HAL_NVIC_SetPriority
 .text.HAL_NVIC_EnableIRQ
                0x08000bac        0x8 build/stm32h7xx_hal_cortex.o
                0x08000bac                HAL_NVIC_EnableIRQ
 .text.ETH_SetMACConfig
                0x08000bb4      0x1b0 build/stm32h7xx_hal_eth.o
 .text.ETH_SetDMAConfig
                0x08000d64       0xac build/stm32h7xx_hal_eth.o
 .text.ETH_MACDMAConfig
                0x08000e10       0xdc build/stm32h7xx_hal_eth.o
 .text.ETH_DMATxDescListInit
                0x08000eec       0x5a build/stm32h7xx_hal_eth.o
 .text.ETH_DMARxDescListInit
                0x08000f46       0x6c build/stm32h7xx_hal_eth.o
 *fill*         0x08000fb2        0x2 
 .text.HAL_ETH_SetMDIOClockRange
                0x08000fb4       0x68 build/stm32h7xx_hal_eth.o
                0x08000fb4                HAL_ETH_SetMDIOClockRange
 .text.HAL_ETH_Init
                0x0800101c      0x16c build/stm32h7xx_hal_eth.o
                0x0800101c                HAL_ETH_Init
 .text.HAL_GPIO_Init
                0x08001188      0x214 build/stm32h7xx_hal_gpio.o
                0x08001188                HAL_GPIO_Init
 .text.HAL_GPIO_WritePin
                0x0800139c        0xc build/stm32h7xx_hal_gpio.o
                0x0800139c                HAL_GPIO_WritePin
 .text.HAL_GPIO_TogglePin
                0x080013a8       0x12 build/stm32h7xx_hal_gpio.o
                0x080013a8                HAL_GPIO_TogglePin
 *fill*         0x080013ba        0x2 
 .text.HAL_PWREx_ConfigSupply
                0x080013bc       0x54 build/stm32h7xx_hal_pwr_ex.o
                0x080013bc                HAL_PWREx_ConfigSupply
 .text.HAL_RCC_OscConfig
                0x08001410      0x5e4 build/stm32h7xx_hal_rcc.o
                0x08001410                HAL_RCC_OscConfig
 .text.HAL_RCC_GetSysClockFreq
                0x080019f4      0x1f8 build/stm32h7xx_hal_rcc.o
                0x080019f4                HAL_RCC_GetSysClockFreq
 .text.HAL_RCC_ClockConfig
                0x08001bec      0x294 build/stm32h7xx_hal_rcc.o
                0x08001bec                HAL_RCC_ClockConfig
 .text.HAL_RCC_GetHCLKFreq
                0x08001e80       0x44 build/stm32h7xx_hal_rcc.o
                0x08001e80                HAL_RCC_GetHCLKFreq
 .text.HAL_RCC_GetPCLK1Freq
                0x08001ec4       0x24 build/stm32h7xx_hal_rcc.o
                0x08001ec4                HAL_RCC_GetPCLK1Freq
 .text.HAL_RCC_GetPCLK2Freq
                0x08001ee8       0x24 build/stm32h7xx_hal_rcc.o
                0x08001ee8                HAL_RCC_GetPCLK2Freq
 .text.HAL_RCC_GetClockConfig
                0x08001f0c       0x54 build/stm32h7xx_hal_rcc.o
                0x08001f0c                HAL_RCC_GetClockConfig
 .text.RCCEx_PLL2_Config
                0x08001f60      0x108 build/stm32h7xx_hal_rcc_ex.o
 .text.RCCEx_PLL3_Config
                0x08002068      0x108 build/stm32h7xx_hal_rcc_ex.o
 .text.HAL_RCCEx_PeriphCLKConfig
                0x08002170      0xa2c build/stm32h7xx_hal_rcc_ex.o
                0x08002170                HAL_RCCEx_PeriphCLKConfig
 .text.HAL_RCCEx_GetD3PCLK1Freq
                0x08002b9c       0x24 build/stm32h7xx_hal_rcc_ex.o
                0x08002b9c                HAL_RCCEx_GetD3PCLK1Freq
 .text.HAL_RCCEx_GetPLL2ClockFreq
                0x08002bc0      0x200 build/stm32h7xx_hal_rcc_ex.o
                0x08002bc0                HAL_RCCEx_GetPLL2ClockFreq
 .text.HAL_RCCEx_GetPLL3ClockFreq
                0x08002dc0      0x200 build/stm32h7xx_hal_rcc_ex.o
                0x08002dc0                HAL_RCCEx_GetPLL3ClockFreq
 .text.HAL_TIM_Base_MspInit
                0x08002fc0        0x2 build/stm32h7xx_hal_tim.o
                0x08002fc0                HAL_TIM_Base_MspInit
 *fill*         0x08002fc2        0x2 
 .text.HAL_TIM_Base_Start_IT
                0x08002fc4       0xa0 build/stm32h7xx_hal_tim.o
                0x08002fc4                HAL_TIM_Base_Start_IT
 .text.HAL_TIM_OC_DelayElapsedCallback
                0x08003064        0x2 build/stm32h7xx_hal_tim.o
                0x08003064                HAL_TIM_OC_DelayElapsedCallback
 .text.HAL_TIM_IC_CaptureCallback
                0x08003066        0x2 build/stm32h7xx_hal_tim.o
                0x08003066                HAL_TIM_IC_CaptureCallback
 .text.HAL_TIM_PWM_PulseFinishedCallback
                0x08003068        0x2 build/stm32h7xx_hal_tim.o
                0x08003068                HAL_TIM_PWM_PulseFinishedCallback
 .text.HAL_TIM_TriggerCallback
                0x0800306a        0x2 build/stm32h7xx_hal_tim.o
                0x0800306a                HAL_TIM_TriggerCallback
 .text.HAL_TIM_IRQHandler
                0x0800306c      0x17a build/stm32h7xx_hal_tim.o
                0x0800306c                HAL_TIM_IRQHandler
 *fill*         0x080031e6        0x2 
 .text.TIM_Base_SetConfig
                0x080031e8      0x130 build/stm32h7xx_hal_tim.o
                0x080031e8                TIM_Base_SetConfig
 .text.HAL_TIM_Base_Init
                0x08003318       0x60 build/stm32h7xx_hal_tim.o
                0x08003318                HAL_TIM_Base_Init
 .text.HAL_TIMEx_CommutCallback
                0x08003378        0x2 build/stm32h7xx_hal_tim_ex.o
                0x08003378                HAL_TIMEx_CommutCallback
 .text.HAL_TIMEx_BreakCallback
                0x0800337a        0x2 build/stm32h7xx_hal_tim_ex.o
                0x0800337a                HAL_TIMEx_BreakCallback
 .text.HAL_TIMEx_Break2Callback
                0x0800337c        0x2 build/stm32h7xx_hal_tim_ex.o
                0x0800337c                HAL_TIMEx_Break2Callback
 *fill*         0x0800337e        0x2 
 .text.UART_EndRxTransfer
                0x08003380       0x58 build/stm32h7xx_hal_uart.o
 .text.UART_SetConfig
                0x080033d8      0x6c4 build/stm32h7xx_hal_uart.o
                0x080033d8                UART_SetConfig
 .text.UART_AdvFeatureConfig
                0x08003a9c       0xca build/stm32h7xx_hal_uart.o
                0x08003a9c                UART_AdvFeatureConfig
 .text.UART_WaitOnFlagUntilTimeout
                0x08003b66       0xa6 build/stm32h7xx_hal_uart.o
                0x08003b66                UART_WaitOnFlagUntilTimeout
 .text.UART_CheckIdleState
                0x08003c0c       0xca build/stm32h7xx_hal_uart.o
                0x08003c0c                UART_CheckIdleState
 .text.HAL_UART_Init
                0x08003cd6       0x66 build/stm32h7xx_hal_uart.o
                0x08003cd6                HAL_UART_Init
 .text.UARTEx_SetNbDataToProcess
                0x08003d3c       0x4c build/stm32h7xx_hal_uart_ex.o
 .text.HAL_UARTEx_DisableFifoMode
                0x08003d88       0x3e build/stm32h7xx_hal_uart_ex.o
                0x08003d88                HAL_UARTEx_DisableFifoMode
 .text.HAL_UARTEx_SetTxFifoThreshold
                0x08003dc6       0x4a build/stm32h7xx_hal_uart_ex.o
                0x08003dc6                HAL_UARTEx_SetTxFifoThreshold
 .text.HAL_UARTEx_SetRxFifoThreshold
                0x08003e10       0x4a build/stm32h7xx_hal_uart_ex.o
                0x08003e10                HAL_UARTEx_SetRxFifoThreshold
 .text.SysTick_Handler
                0x08003e5a       0x18 build/cmsis_os2.o
                0x08003e5a                SysTick_Handler
 *fill*         0x08003e72        0x2 
 .text.osKernelInitialize
                0x08003e74       0x24 build/cmsis_os2.o
                0x08003e74                osKernelInitialize
 .text.osKernelStart
                0x08003e98       0x38 build/cmsis_os2.o
                0x08003e98                osKernelStart
 .text.osThreadNew
                0x08003ed0       0xbc build/cmsis_os2.o
                0x08003ed0                osThreadNew
 .text.osDelay  0x08003f8c       0x1c build/cmsis_os2.o
                0x08003f8c                osDelay
 .text.vApplicationGetIdleTaskMemory
                0x08003fa8       0x18 build/cmsis_os2.o
                0x08003fa8                vApplicationGetIdleTaskMemory
 .text.vApplicationGetTimerTaskMemory
                0x08003fc0       0x18 build/cmsis_os2.o
                0x08003fc0                vApplicationGetTimerTaskMemory
 .text.vListInitialise
                0x08003fd8       0x16 build/list.o
                0x08003fd8                vListInitialise
 .text.vListInitialiseItem
                0x08003fee        0x6 build/list.o
                0x08003fee                vListInitialiseItem
 .text.vListInsertEnd
                0x08003ff4       0x16 build/list.o
                0x08003ff4                vListInsertEnd
 .text.vListInsert
                0x0800400a       0x32 build/list.o
                0x0800400a                vListInsert
 .text.uxListRemove
                0x0800403c       0x26 build/list.o
                0x0800403c                uxListRemove
 *fill*         0x08004062        0x2 
 .text.prvTaskExitError
                0x08004064       0x40 build/port.o
 .text.prvPortStartFirstTask
                0x080040a4       0x28 build/port.o
 .text.vPortEnableVFP
                0x080040cc       0x14 build/port.o
 .text.pxPortInitialiseStack
                0x080040e0       0x2c build/port.o
                0x080040e0                pxPortInitialiseStack
 *fill*         0x0800410c        0x4 
 .text.SVC_Handler
                0x08004110       0x24 build/port.o
                0x08004110                SVC_Handler
 .text.vPortEnterCritical
                0x08004134       0x44 build/port.o
                0x08004134                vPortEnterCritical
 .text.vPortExitCritical
                0x08004178       0x2c build/port.o
                0x08004178                vPortExitCritical
 *fill*         0x080041a4        0xc 
 .text.PendSV_Handler
                0x080041b0       0x64 build/port.o
                0x080041b0                PendSV_Handler
 .text.xPortSysTickHandler
                0x08004214       0x2c build/port.o
                0x08004214                xPortSysTickHandler
 .text.vPortSetupTimerInterrupt
                0x08004240       0x28 build/port.o
                0x08004240                vPortSetupTimerInterrupt
 .text.xPortStartScheduler
                0x08004268      0x118 build/port.o
                0x08004268                xPortStartScheduler
 .text.vPortValidateInterruptPriority
                0x08004380       0x5c build/port.o
                0x08004380                vPortValidateInterruptPriority
 .text.prvHeapInit
                0x080043dc       0x64 build/heap_4.o
 .text.prvInsertBlockIntoFreeList
                0x08004440       0x64 build/heap_4.o
 .text.pvPortMalloc
                0x080044a4      0x104 build/heap_4.o
                0x080044a4                pvPortMalloc
 .text.vPortFree
                0x080045a8       0x7c build/heap_4.o
                0x080045a8                vPortFree
 .text.prvIsQueueFull
                0x08004624       0x1e build/queue.o
 .text.prvIsQueueEmpty
                0x08004642       0x1a build/queue.o
 .text.prvCopyDataToQueue
                0x0800465c       0x76 build/queue.o
 .text.prvCopyDataFromQueue
                0x080046d2       0x24 build/queue.o
 .text.prvUnlockQueue
                0x080046f6       0x6e build/queue.o
 .text.xQueueGenericReset
                0x08004764       0x84 build/queue.o
                0x08004764                xQueueGenericReset
 .text.prvInitialiseNewQueue
                0x080047e8       0x22 build/queue.o
 .text.xQueueGenericCreateStatic
                0x0800480a       0xa6 build/queue.o
                0x0800480a                xQueueGenericCreateStatic
 .text.xQueueGenericSend
                0x080048b0      0x188 build/queue.o
                0x080048b0                xQueueGenericSend
 .text.xQueueGenericSendFromISR
                0x08004a38       0xce build/queue.o
                0x08004a38                xQueueGenericSendFromISR
 .text.xQueueReceive
                0x08004b06      0x15e build/queue.o
                0x08004b06                xQueueReceive
 .text.vQueueAddToRegistry
                0x08004c64       0x28 build/queue.o
                0x08004c64                vQueueAddToRegistry
 .text.vQueueWaitForMessageRestricted
                0x08004c8c       0x52 build/queue.o
                0x08004c8c                vQueueWaitForMessageRestricted
 *fill*         0x08004cde        0x2 
 .text.prvResetNextTaskUnblockTime
                0x08004ce0       0x2c build/tasks.o
 .text.prvInitialiseNewTask
                0x08004d0c       0xa2 build/tasks.o
 *fill*         0x08004dae        0x2 
 .text.prvInitialiseTaskLists
                0x08004db0       0x68 build/tasks.o
 .text.prvAddNewTaskToReadyList
                0x08004e18       0xac build/tasks.o
 .text.prvDeleteTCB
                0x08004ec4       0x38 build/tasks.o
 .text.prvCheckTasksWaitingTermination
                0x08004efc       0x4c build/tasks.o
 .text.prvIdleTask
                0x08004f48       0x28 build/tasks.o
 .text.prvAddCurrentTaskToDelayedList
                0x08004f70       0x84 build/tasks.o
 .text.xTaskCreateStatic
                0x08004ff4       0x76 build/tasks.o
                0x08004ff4                xTaskCreateStatic
 .text.xTaskCreate
                0x0800506a       0x64 build/tasks.o
                0x0800506a                xTaskCreate
 *fill*         0x080050ce        0x2 
 .text.vTaskStartScheduler
                0x080050d0       0x98 build/tasks.o
                0x080050d0                vTaskStartScheduler
 .text.vTaskSuspendAll
                0x08005168       0x10 build/tasks.o
                0x08005168                vTaskSuspendAll
 .text.xTaskGetTickCount
                0x08005178        0xc build/tasks.o
                0x08005178                xTaskGetTickCount
 .text.xTaskIncrementTick
                0x08005184      0x118 build/tasks.o
                0x08005184                xTaskIncrementTick
 .text.xTaskResumeAll
                0x0800529c       0xf8 build/tasks.o
                0x0800529c                xTaskResumeAll
 .text.vTaskDelay
                0x08005394       0x4c build/tasks.o
                0x08005394                vTaskDelay
 .text.vTaskSwitchContext
                0x080053e0       0x98 build/tasks.o
                0x080053e0                vTaskSwitchContext
 .text.vTaskPlaceOnEventList
                0x08005478       0x30 build/tasks.o
                0x08005478                vTaskPlaceOnEventList
 .text.vTaskPlaceOnEventListRestricted
                0x080054a8       0x38 build/tasks.o
                0x080054a8                vTaskPlaceOnEventListRestricted
 .text.xTaskRemoveFromEventList
                0x080054e0       0x8c build/tasks.o
                0x080054e0                xTaskRemoveFromEventList
 .text.vTaskInternalSetTimeOutState
                0x0800556c       0x18 build/tasks.o
                0x0800556c                vTaskInternalSetTimeOutState
 .text.xTaskCheckForTimeOut
                0x08005584       0x84 build/tasks.o
                0x08005584                xTaskCheckForTimeOut
 .text.vTaskMissedYield
                0x08005608        0xc build/tasks.o
                0x08005608                vTaskMissedYield
 .text.xTaskGetSchedulerState
                0x08005614       0x20 build/tasks.o
                0x08005614                xTaskGetSchedulerState
 .text.xTaskPriorityDisinherit
                0x08005634       0x90 build/tasks.o
                0x08005634                xTaskPriorityDisinherit
 .text.prvGetNextExpireTime
                0x080056c4       0x20 build/timers.o
 .text.prvInsertTimerInActiveList
                0x080056e4       0x50 build/timers.o
 .text.prvCheckForValidListAndQueue
                0x08005734       0x70 build/timers.o
 .text.xTimerCreateTimerTask
                0x080057a4       0x64 build/timers.o
                0x080057a4                xTimerCreateTimerTask
 .text.xTimerGenericCommand
                0x08005808       0x6c build/timers.o
                0x08005808                xTimerGenericCommand
 .text.prvSwitchTimerLists
                0x08005874       0x7c build/timers.o
 .text.prvSampleTimeNow
                0x080058f0       0x2c build/timers.o
 .text.prvProcessExpiredTimer
                0x0800591c       0x6c build/timers.o
 .text.prvProcessTimerOrBlockTask
                0x08005988       0x78 build/timers.o
 .text.prvProcessReceivedCommands
                0x08005a00      0x10c build/timers.o
 .text.prvTimerTask
                0x08005b0c       0x16 build/timers.o
 *fill*         0x08005b22        0x2 
 .text.Reset_Handler
                0x08005b24       0x50 build/startup_stm32h723xx.o
                0x08005b24                Reset_Handler
 .text.Default_Handler
                0x08005b74        0x2 build/startup_stm32h723xx.o
                0x08005b74                RTC_Alarm_IRQHandler
                0x08005b74                EXTI2_IRQHandler
                0x08005b74                TIM8_CC_IRQHandler
                0x08005b74                UART8_IRQHandler
                0x08005b74                SPI4_IRQHandler
                0x08005b74                FDCAN3_IT0_IRQHandler
                0x08005b74                TIM1_CC_IRQHandler
                0x08005b74                BDMA_Channel6_IRQHandler
                0x08005b74                DMA2_Stream5_IRQHandler
                0x08005b74                DMA1_Stream5_IRQHandler
                0x08005b74                CORDIC_IRQHandler
                0x08005b74                BDMA_Channel1_IRQHandler
                0x08005b74                TAMP_STAMP_IRQHandler
                0x08005b74                EXTI3_IRQHandler
                0x08005b74                LPTIM4_IRQHandler
                0x08005b74                TIM8_TRG_COM_TIM14_IRQHandler
                0x08005b74                LPTIM2_IRQHandler
                0x08005b74                DFSDM1_FLT1_IRQHandler
                0x08005b74                DMAMUX2_OVR_IRQHandler
                0x08005b74                TIM8_UP_TIM13_IRQHandler
                0x08005b74                I2C3_ER_IRQHandler
                0x08005b74                DFSDM1_FLT2_IRQHandler
                0x08005b74                I2C5_EV_IRQHandler
                0x08005b74                USART10_IRQHandler
                0x08005b74                MDMA_IRQHandler
                0x08005b74                LPTIM3_IRQHandler
                0x08005b74                HSEM1_IRQHandler
                0x08005b74                EXTI0_IRQHandler
                0x08005b74                I2C2_EV_IRQHandler
                0x08005b74                DMA1_Stream2_IRQHandler
                0x08005b74                FPU_IRQHandler
                0x08005b74                OTG_HS_WKUP_IRQHandler
                0x08005b74                FDCAN1_IT1_IRQHandler
                0x08005b74                LTDC_ER_IRQHandler
                0x08005b74                DMA2_Stream2_IRQHandler
                0x08005b74                SPI1_IRQHandler
                0x08005b74                OCTOSPI1_IRQHandler
                0x08005b74                DMA2_Stream3_IRQHandler
                0x08005b74                OCTOSPI2_IRQHandler
                0x08005b74                DFSDM1_FLT3_IRQHandler
                0x08005b74                TIM23_IRQHandler
                0x08005b74                USART6_IRQHandler
                0x08005b74                TIM17_IRQHandler
                0x08005b74                USART3_IRQHandler
                0x08005b74                BDMA_Channel7_IRQHandler
                0x08005b74                LPTIM5_IRQHandler
                0x08005b74                UART5_IRQHandler
                0x08005b74                ADC3_IRQHandler
                0x08005b74                DMA2_Stream0_IRQHandler
                0x08005b74                TIM4_IRQHandler
                0x08005b74                BDMA_Channel2_IRQHandler
                0x08005b74                I2C1_EV_IRQHandler
                0x08005b74                DMA1_Stream6_IRQHandler
                0x08005b74                DMAMUX1_OVR_IRQHandler
                0x08005b74                DMA1_Stream1_IRQHandler
                0x08005b74                TIM16_IRQHandler
                0x08005b74                UART4_IRQHandler
                0x08005b74                BDMA_Channel5_IRQHandler
                0x08005b74                TIM3_IRQHandler
                0x08005b74                RCC_IRQHandler
                0x08005b74                UART9_IRQHandler
                0x08005b74                TIM8_BRK_TIM12_IRQHandler
                0x08005b74                TIM1_TRG_COM_IRQHandler
                0x08005b74                Default_Handler
                0x08005b74                ECC_IRQHandler
                0x08005b74                FMAC_IRQHandler
                0x08005b74                CEC_IRQHandler
                0x08005b74                EXTI15_10_IRQHandler
                0x08005b74                BDMA_Channel0_IRQHandler
                0x08005b74                ADC_IRQHandler
                0x08005b74                I2C5_ER_IRQHandler
                0x08005b74                DMA1_Stream7_IRQHandler
                0x08005b74                SPI5_IRQHandler
                0x08005b74                TIM7_IRQHandler
                0x08005b74                FDCAN3_IT1_IRQHandler
                0x08005b74                SDMMC1_IRQHandler
                0x08005b74                TIM5_IRQHandler
                0x08005b74                DMA2_Stream7_IRQHandler
                0x08005b74                TIM15_IRQHandler
                0x08005b74                PVD_AVD_IRQHandler
                0x08005b74                I2C3_EV_IRQHandler
                0x08005b74                EXTI9_5_IRQHandler
                0x08005b74                RTC_WKUP_IRQHandler
                0x08005b74                LTDC_IRQHandler
                0x08005b74                ETH_WKUP_IRQHandler
                0x08005b74                SPDIF_RX_IRQHandler
                0x08005b74                SPI2_IRQHandler
                0x08005b74                OTG_HS_EP1_IN_IRQHandler
                0x08005b74                DMA1_Stream0_IRQHandler
                0x08005b74                TIM24_IRQHandler
                0x08005b74                CRS_IRQHandler
                0x08005b74                EXTI4_IRQHandler
                0x08005b74                RNG_IRQHandler
                0x08005b74                FDCAN2_IT1_IRQHandler
                0x08005b74                ETH_IRQHandler
                0x08005b74                TIM1_UP_IRQHandler
                0x08005b74                BDMA_Channel4_IRQHandler
                0x08005b74                OTG_HS_EP1_OUT_IRQHandler
                0x08005b74                WWDG_IRQHandler
                0x08005b74                SPI6_IRQHandler
                0x08005b74                MDIOS_IRQHandler
                0x08005b74                I2C4_EV_IRQHandler
                0x08005b74                FDCAN2_IT0_IRQHandler
                0x08005b74                LPUART1_IRQHandler
                0x08005b74                FDCAN1_IT0_IRQHandler
                0x08005b74                TIM2_IRQHandler
                0x08005b74                OTG_HS_IRQHandler
                0x08005b74                DMA2D_IRQHandler
                0x08005b74                TIM1_BRK_IRQHandler
                0x08005b74                EXTI1_IRQHandler
                0x08005b74                SDMMC2_IRQHandler
                0x08005b74                BDMA_Channel3_IRQHandler
                0x08005b74                DTS_IRQHandler
                0x08005b74                UART7_IRQHandler
                0x08005b74                MDIOS_WKUP_IRQHandler
                0x08005b74                USART2_IRQHandler
                0x08005b74                DFSDM1_FLT0_IRQHandler
                0x08005b74                SAI4_IRQHandler
                0x08005b74                I2C2_ER_IRQHandler
                0x08005b74                DMA2_Stream1_IRQHandler
                0x08005b74                FLASH_IRQHandler
                0x08005b74                DMA2_Stream4_IRQHandler
                0x08005b74                USART1_IRQHandler
                0x08005b74                SPI3_IRQHandler
                0x08005b74                WAKEUP_PIN_IRQHandler
                0x08005b74                DMA1_Stream4_IRQHandler
                0x08005b74                I2C1_ER_IRQHandler
                0x08005b74                FMC_IRQHandler
                0x08005b74                FDCAN_CAL_IRQHandler
                0x08005b74                SWPMI1_IRQHandler
                0x08005b74                COMP1_IRQHandler
                0x08005b74                LPTIM1_IRQHandler
                0x08005b74                DCMI_PSSI_IRQHandler
                0x08005b74                I2C4_ER_IRQHandler
                0x08005b74                DMA2_Stream6_IRQHandler
                0x08005b74                SAI1_IRQHandler
                0x08005b74                DMA1_Stream3_IRQHandler
 .text.memset   0x08005b76       0x10 c:/Users/Aaron/AppData/Roaming/Code/User/globalStorage/bmd.stm32-for-vscode/@xpack-dev-tools/arm-none-eabi-gcc/13.2.1-1.1.1/.content/bin/../lib/gcc/arm-none-eabi/13.2.1/../../../../arm-none-eabi/lib/thumb/v7e-m+dp/hard\libc_nano.a(libc_a-memset.o)
                0x08005b76                memset
 *fill*         0x08005b86        0x2 
 .text.__libc_init_array
                0x08005b88       0x48 c:/Users/Aaron/AppData/Roaming/Code/User/globalStorage/bmd.stm32-for-vscode/@xpack-dev-tools/arm-none-eabi-gcc/13.2.1-1.1.1/.content/bin/../lib/gcc/arm-none-eabi/13.2.1/../../../../arm-none-eabi/lib/thumb/v7e-m+dp/hard\libc_nano.a(libc_a-init.o)
                0x08005b88                __libc_init_array
 .text.memcpy   0x08005bd0       0x1c c:/Users/Aaron/AppData/Roaming/Code/User/globalStorage/bmd.stm32-for-vscode/@xpack-dev-tools/arm-none-eabi-gcc/13.2.1-1.1.1/.content/bin/../lib/gcc/arm-none-eabi/13.2.1/../../../../arm-none-eabi/lib/thumb/v7e-m+dp/hard\libc_nano.a(libc_a-memcpy-stub.o)
                0x08005bd0                memcpy
 .text.__udivmoddi4
                0x08005bec      0x2bc c:/Users/Aaron/AppData/Roaming/Code/User/globalStorage/bmd.stm32-for-vscode/@xpack-dev-tools/arm-none-eabi-gcc/13.2.1-1.1.1/.content/bin/../lib/gcc/arm-none-eabi/13.2.1/thumb/v7e-m+dp/hard\libgcc.a(_udivmoddi4.o)
                0x08005bec                __udivmoddi4
 *(.glue_7)
 .glue_7        0x08005ea8        0x0 linker stubs
 *(.glue_7t)
 .glue_7t       0x08005ea8        0x0 linker stubs
 *(.eh_frame)
 .eh_frame      0x08005ea8        0x0 c:/Users/Aaron/AppData/Roaming/Code/User/globalStorage/bmd.stm32-for-vscode/@xpack-dev-tools/arm-none-eabi-gcc/13.2.1-1.1.1/.content/bin/../lib/gcc/arm-none-eabi/13.2.1/thumb/v7e-m+dp/hard/crtbegin.o
 *(.init)
 .init          0x08005ea8        0x4 c:/Users/Aaron/AppData/Roaming/Code/User/globalStorage/bmd.stm32-for-vscode/@xpack-dev-tools/arm-none-eabi-gcc/13.2.1-1.1.1/.content/bin/../lib/gcc/arm-none-eabi/13.2.1/thumb/v7e-m+dp/hard/crti.o
                0x08005ea8                _init
 .init          0x08005eac        0x8 c:/Users/Aaron/AppData/Roaming/Code/User/globalStorage/bmd.stm32-for-vscode/@xpack-dev-tools/arm-none-eabi-gcc/13.2.1-1.1.1/.content/bin/../lib/gcc/arm-none-eabi/13.2.1/thumb/v7e-m+dp/hard/crtn.o
 *(.fini)
 .fini          0x08005eb4        0x4 c:/Users/Aaron/AppData/Roaming/Code/User/globalStorage/bmd.stm32-for-vscode/@xpack-dev-tools/arm-none-eabi-gcc/13.2.1-1.1.1/.content/bin/../lib/gcc/arm-none-eabi/13.2.1/thumb/v7e-m+dp/hard/crti.o
                0x08005eb4                _fini
 .fini          0x08005eb8        0x8 c:/Users/Aaron/AppData/Roaming/Code/User/globalStorage/bmd.stm32-for-vscode/@xpack-dev-tools/arm-none-eabi-gcc/13.2.1-1.1.1/.content/bin/../lib/gcc/arm-none-eabi/13.2.1/thumb/v7e-m+dp/hard/crtn.o
                0x08005ec0                        . = ALIGN (0x4)
                0x08005ec0                        _etext = .

.vfp11_veneer   0x08005ec0        0x0
 .vfp11_veneer  0x08005ec0        0x0 linker stubs

.v4_bx          0x08005ec0        0x0
 .v4_bx         0x08005ec0        0x0 linker stubs

.iplt           0x08005ec0        0x0
 .iplt          0x08005ec0        0x0 c:/Users/Aaron/AppData/Roaming/Code/User/globalStorage/bmd.stm32-for-vscode/@xpack-dev-tools/arm-none-eabi-gcc/13.2.1-1.1.1/.content/bin/../lib/gcc/arm-none-eabi/13.2.1/thumb/v7e-m+dp/hard/crtbegin.o

.rodata         0x08005ec0       0xb0
                0x08005ec0                        . = ALIGN (0x4)
 *(.rodata)
 *(.rodata*)
 .rodata.str1.4
                0x08005ec0       0x30 build/main.o
                                 0x17 (size before relaxing)
 .rodata.blinkRed_attributes
                0x08005ef0       0x24 build/main.o
                0x08005ef0                blinkRed_attributes
 .rodata.blinkGreen_attributes
                0x08005f14       0x24 build/main.o
                0x08005f14                blinkGreen_attributes
 .rodata.D1CorePrescTable
                0x08005f38       0x10 build/system_stm32h7xx.o
                0x08005f38                D1CorePrescTable
 .rodata.UARTPrescTable
                0x08005f48       0x18 build/stm32h7xx_hal_uart.o
                0x08005f48                UARTPrescTable
 .rodata.denominator.0
                0x08005f60        0x8 build/stm32h7xx_hal_uart_ex.o
 .rodata.numerator.1
                0x08005f68        0x8 build/stm32h7xx_hal_uart_ex.o
 .rodata.vTaskStartScheduler.str1.4
                0x08005f70        0x5 build/tasks.o
 .rodata.prvCheckForValidListAndQueue.str1.4
                0x08005f70        0x5 build/timers.o
 .rodata.xTimerCreateTimerTask.str1.4
                0x08005f70        0x8 build/timers.o
                0x08005f78                        . = ALIGN (0x4)

.ARM.extab
 *(.ARM.extab* .gnu.linkonce.armextab.*)

.ARM            0x08005f70        0x8
                0x08005f70                        __exidx_start = .
 *(.ARM.exidx*)
 .ARM.exidx.text.__udivmoddi4
                0x08005f70        0x8 c:/Users/Aaron/AppData/Roaming/Code/User/globalStorage/bmd.stm32-for-vscode/@xpack-dev-tools/arm-none-eabi-gcc/13.2.1-1.1.1/.content/bin/../lib/gcc/arm-none-eabi/13.2.1/thumb/v7e-m+dp/hard\libgcc.a(_udivmoddi4.o)
                0x08005f78                        __exidx_end = .

.rel.dyn        0x08005f78        0x0
 .rel.iplt      0x08005f78        0x0 c:/Users/Aaron/AppData/Roaming/Code/User/globalStorage/bmd.stm32-for-vscode/@xpack-dev-tools/arm-none-eabi-gcc/13.2.1-1.1.1/.content/bin/../lib/gcc/arm-none-eabi/13.2.1/thumb/v7e-m+dp/hard/crtbegin.o

.preinit_array  0x08005f78        0x0
                0x08005f78                        PROVIDE (__preinit_array_start = .)
 *(.preinit_array*)
                0x08005f78                        PROVIDE (__preinit_array_end = .)

.init_array     0x08005f78        0x4
                0x08005f78                        PROVIDE (__init_array_start = .)
 *(SORT_BY_NAME(.init_array.*))
 *(.init_array*)
 .init_array    0x08005f78        0x4 c:/Users/Aaron/AppData/Roaming/Code/User/globalStorage/bmd.stm32-for-vscode/@xpack-dev-tools/arm-none-eabi-gcc/13.2.1-1.1.1/.content/bin/../lib/gcc/arm-none-eabi/13.2.1/thumb/v7e-m+dp/hard/crtbegin.o
                0x08005f7c                        PROVIDE (__init_array_end = .)

.fini_array     0x08005f7c        0x4
                0x08005f7c                        PROVIDE (__fini_array_start = .)
 *(SORT_BY_NAME(.fini_array.*))
 *(.fini_array*)
 .fini_array    0x08005f7c        0x4 c:/Users/Aaron/AppData/Roaming/Code/User/globalStorage/bmd.stm32-for-vscode/@xpack-dev-tools/arm-none-eabi-gcc/13.2.1-1.1.1/.content/bin/../lib/gcc/arm-none-eabi/13.2.1/thumb/v7e-m+dp/hard/crtbegin.o
                0x08005f80                        PROVIDE (__fini_array_end = .)
                0x08005f80                        _sidata = LOADADDR (.data)

.data           0x20000000       0x14 load address 0x08005f80
                0x20000000                        . = ALIGN (0x4)
                0x20000000                        _sdata = .
 *(.data)
 *(.data*)
 .data.SystemD2Clock
                0x20000000        0x4 build/system_stm32h7xx.o
                0x20000000                SystemD2Clock
 .data.SystemCoreClock
                0x20000004        0x4 build/system_stm32h7xx.o
                0x20000004                SystemCoreClock
 .data.uwTickFreq
                0x20000008        0x1 build/stm32h7xx_hal.o
                0x20000008                uwTickFreq
 *fill*         0x20000009        0x3 
 .data.uwTickPrio
                0x2000000c        0x4 build/stm32h7xx_hal.o
                0x2000000c                uwTickPrio
 .data.uxCriticalNesting
                0x20000010        0x4 build/port.o
                0x20000014                        . = ALIGN (0x4)
                0x20000014                        _edata = .

.igot.plt       0x20000014        0x0 load address 0x08005f94
 .igot.plt      0x20000014        0x0 c:/Users/Aaron/AppData/Roaming/Code/User/globalStorage/bmd.stm32-for-vscode/@xpack-dev-tools/arm-none-eabi-gcc/13.2.1-1.1.1/.content/bin/../lib/gcc/arm-none-eabi/13.2.1/thumb/v7e-m+dp/hard/crtbegin.o

.TxDecripSection
                0x20000014       0x60 load address 0x08005f94
 .TxDecripSection
                0x20000014       0x60 build/main.o
                0x20000014                DMATxDscrTab

.RxDecripSection
                0x20000074       0x60 load address 0x08005ff4
 .RxDecripSection
                0x20000074       0x60 build/main.o
                0x20000074                DMARxDscrTab
                0x200000d4                        . = ALIGN (0x4)

.bss            0x200000d4     0x4b48 load address 0x08006054
                0x200000d4                        _sbss = .
                0x200000d4                        __bss_start__ = _sbss
 *(.bss)
 *(.bss*)
 .bss.completed.1
                0x200000d4        0x1 c:/Users/Aaron/AppData/Roaming/Code/User/globalStorage/bmd.stm32-for-vscode/@xpack-dev-tools/arm-none-eabi-gcc/13.2.1-1.1.1/.content/bin/../lib/gcc/arm-none-eabi/13.2.1/thumb/v7e-m+dp/hard/crtbegin.o
 *fill*         0x200000d5        0x3 
 .bss.object.0  0x200000d8       0x18 c:/Users/Aaron/AppData/Roaming/Code/User/globalStorage/bmd.stm32-for-vscode/@xpack-dev-tools/arm-none-eabi-gcc/13.2.1-1.1.1/.content/bin/../lib/gcc/arm-none-eabi/13.2.1/thumb/v7e-m+dp/hard/crtbegin.o
 .bss.MACAddr.0
                0x200000f0        0x6 build/main.o
 *fill*         0x200000f6        0x2 
 .bss.blinkRedHandle
                0x200000f8        0x4 build/main.o
                0x200000f8                blinkRedHandle
 .bss.blinkGreenHandle
                0x200000fc        0x4 build/main.o
                0x200000fc                blinkGreenHandle
 .bss.huart3    0x20000100       0x94 build/main.o
                0x20000100                huart3
 .bss.heth      0x20000194       0xb0 build/main.o
                0x20000194                heth
 .bss.TxConfig  0x20000244       0x38 build/main.o
                0x20000244                TxConfig
 .bss.htim6     0x2000027c       0x4c build/stm32h7xx_hal_timebase_tim.o
                0x2000027c                htim6
 .bss.uwTick    0x200002c8        0x4 build/stm32h7xx_hal.o
                0x200002c8                uwTick
 .bss.Timer_Stack.0
                0x200002cc      0x400 build/cmsis_os2.o
 .bss.Timer_TCB.1
                0x200006cc       0x5c build/cmsis_os2.o
 .bss.Idle_Stack.2
                0x20000728      0x200 build/cmsis_os2.o
 .bss.Idle_TCB.3
                0x20000928       0x5c build/cmsis_os2.o
 .bss.KernelState
                0x20000984        0x4 build/cmsis_os2.o
 .bss.ulMaxPRIGROUPValue
                0x20000988        0x4 build/port.o
 .bss.ucMaxSysCallPriority
                0x2000098c        0x1 build/port.o
 *fill*         0x2000098d        0x3 
 .bss.xBlockAllocatedBit
                0x20000990        0x4 build/heap_4.o
 .bss.xNumberOfSuccessfulFrees
                0x20000994        0x4 build/heap_4.o
 .bss.xNumberOfSuccessfulAllocations
                0x20000998        0x4 build/heap_4.o
 .bss.xMinimumEverFreeBytesRemaining
                0x2000099c        0x4 build/heap_4.o
 .bss.xFreeBytesRemaining
                0x200009a0        0x4 build/heap_4.o
 .bss.pxEnd     0x200009a4        0x4 build/heap_4.o
 .bss.xStart    0x200009a8        0x8 build/heap_4.o
 .bss.ucHeap    0x200009b0     0x3c00 build/heap_4.o
 .bss.xQueueRegistry
                0x200045b0       0x40 build/queue.o
                0x200045b0                xQueueRegistry
 .bss.uxSchedulerSuspended
                0x200045f0        0x4 build/tasks.o
 .bss.xIdleTaskHandle
                0x200045f4        0x4 build/tasks.o
 .bss.xNextTaskUnblockTime
                0x200045f8        0x4 build/tasks.o
 .bss.uxTaskNumber
                0x200045fc        0x4 build/tasks.o
 .bss.xNumOfOverflows
                0x20004600        0x4 build/tasks.o
 .bss.xYieldPending
                0x20004604        0x4 build/tasks.o
 .bss.xPendedTicks
                0x20004608        0x4 build/tasks.o
 .bss.xSchedulerRunning
                0x2000460c        0x4 build/tasks.o
 .bss.uxTopReadyPriority
                0x20004610        0x4 build/tasks.o
 .bss.xTickCount
                0x20004614        0x4 build/tasks.o
 .bss.uxCurrentNumberOfTasks
                0x20004618        0x4 build/tasks.o
 .bss.xSuspendedTaskList
                0x2000461c       0x14 build/tasks.o
 .bss.uxDeletedTasksWaitingCleanUp
                0x20004630        0x4 build/tasks.o
 .bss.xTasksWaitingTermination
                0x20004634       0x14 build/tasks.o
 .bss.xPendingReadyList
                0x20004648       0x14 build/tasks.o
 .bss.pxOverflowDelayedTaskList
                0x2000465c        0x4 build/tasks.o
 .bss.pxDelayedTaskList
                0x20004660        0x4 build/tasks.o
 .bss.xDelayedTaskList2
                0x20004664       0x14 build/tasks.o
 .bss.xDelayedTaskList1
                0x20004678       0x14 build/tasks.o
 .bss.pxReadyTasksLists
                0x2000468c      0x460 build/tasks.o
 .bss.pxCurrentTCB
                0x20004aec        0x4 build/tasks.o
                0x20004aec                pxCurrentTCB
 .bss.xStaticTimerQueue.0
                0x20004af0       0x50 build/timers.o
 .bss.ucStaticTimerQueueStorage.1
                0x20004b40       0xa0 build/timers.o
 .bss.xLastTime.2
                0x20004be0        0x4 build/timers.o
 .bss.xTimerTaskHandle
                0x20004be4        0x4 build/timers.o
 .bss.xTimerQueue
                0x20004be8        0x4 build/timers.o
 .bss.pxOverflowTimerList
                0x20004bec        0x4 build/timers.o
 .bss.pxCurrentTimerList
                0x20004bf0        0x4 build/timers.o
 .bss.xActiveTimerList2
                0x20004bf4       0x14 build/timers.o
 .bss.xActiveTimerList1
                0x20004c08       0x14 build/timers.o
 *(COMMON)
                0x20004c1c                        . = ALIGN (0x4)
                0x20004c1c                        _ebss = .
                0x20004c1c                        __bss_end__ = _ebss

._user_heap_stack
                0x20004c1c      0x604 load address 0x08006054
                0x20004c20                        . = ALIGN (0x8)
 *fill*         0x20004c1c        0x4 
                [!provide]                        PROVIDE (end = .)
                0x20004c20                        PROVIDE (_end = .)
                0x20004e20                        . = (. + _Min_Heap_Size)
 *fill*         0x20004c20      0x200 
                0x20005220                        . = (. + _Min_Stack_Size)
 *fill*         0x20004e20      0x400 
                0x20005220                        . = ALIGN (0x8)

/DISCARD/
 libc.a(*)
 libm.a(*)
 libgcc.a(*)

.ARM.attributes
                0x00000000       0x2e
 *(.ARM.attributes)
 .ARM.attributes
                0x00000000       0x20 c:/Users/Aaron/AppData/Roaming/Code/User/globalStorage/bmd.stm32-for-vscode/@xpack-dev-tools/arm-none-eabi-gcc/13.2.1-1.1.1/.content/bin/../lib/gcc/arm-none-eabi/13.2.1/thumb/v7e-m+dp/hard/crti.o
 .ARM.attributes
                0x00000020       0x32 c:/Users/Aaron/AppData/Roaming/Code/User/globalStorage/bmd.stm32-for-vscode/@xpack-dev-tools/arm-none-eabi-gcc/13.2.1-1.1.1/.content/bin/../lib/gcc/arm-none-eabi/13.2.1/thumb/v7e-m+dp/hard/crtbegin.o
 .ARM.attributes
                0x00000052       0x32 build/main.o
 .ARM.attributes
                0x00000084       0x32 build/stm32h7xx_hal_msp.o
 .ARM.attributes
                0x000000b6       0x32 build/stm32h7xx_hal_timebase_tim.o
 .ARM.attributes
                0x000000e8       0x32 build/stm32h7xx_it.o
 .ARM.attributes
                0x0000011a       0x32 build/system_stm32h7xx.o
 .ARM.attributes
                0x0000014c       0x32 build/stm32h7xx_hal.o
 .ARM.attributes
                0x0000017e       0x32 build/stm32h7xx_hal_cortex.o
 .ARM.attributes
                0x000001b0       0x32 build/stm32h7xx_hal_eth.o
 .ARM.attributes
                0x000001e2       0x32 build/stm32h7xx_hal_gpio.o
 .ARM.attributes
                0x00000214       0x32 build/stm32h7xx_hal_pwr_ex.o
 .ARM.attributes
                0x00000246       0x32 build/stm32h7xx_hal_rcc.o
 .ARM.attributes
                0x00000278       0x32 build/stm32h7xx_hal_rcc_ex.o
 .ARM.attributes
                0x000002aa       0x32 build/stm32h7xx_hal_tim.o
 .ARM.attributes
                0x000002dc       0x32 build/stm32h7xx_hal_tim_ex.o
 .ARM.attributes
                0x0000030e       0x32 build/stm32h7xx_hal_uart.o
 .ARM.attributes
                0x00000340       0x32 build/stm32h7xx_hal_uart_ex.o
 .ARM.attributes
                0x00000372       0x32 build/cmsis_os2.o
 .ARM.attributes
                0x000003a4       0x32 build/list.o
 .ARM.attributes
                0x000003d6       0x32 build/port.o
 .ARM.attributes
                0x00000408       0x32 build/heap_4.o
 .ARM.attributes
                0x0000043a       0x32 build/queue.o
 .ARM.attributes
                0x0000046c       0x32 build/tasks.o
 .ARM.attributes
                0x0000049e       0x32 build/timers.o
 .ARM.attributes
                0x000004d0       0x21 build/startup_stm32h723xx.o
 .ARM.attributes
                0x000004f1       0x32 c:/Users/Aaron/AppData/Roaming/Code/User/globalStorage/bmd.stm32-for-vscode/@xpack-dev-tools/arm-none-eabi-gcc/13.2.1-1.1.1/.content/bin/../lib/gcc/arm-none-eabi/13.2.1/../../../../arm-none-eabi/lib/thumb/v7e-m+dp/hard\libc_nano.a(libc_a-memset.o)
 .ARM.attributes
                0x00000523       0x32 c:/Users/Aaron/AppData/Roaming/Code/User/globalStorage/bmd.stm32-for-vscode/@xpack-dev-tools/arm-none-eabi-gcc/13.2.1-1.1.1/.content/bin/../lib/gcc/arm-none-eabi/13.2.1/../../../../arm-none-eabi/lib/thumb/v7e-m+dp/hard\libc_nano.a(libc_a-init.o)
 .ARM.attributes
                0x00000555       0x32 c:/Users/Aaron/AppData/Roaming/Code/User/globalStorage/bmd.stm32-for-vscode/@xpack-dev-tools/arm-none-eabi-gcc/13.2.1-1.1.1/.content/bin/../lib/gcc/arm-none-eabi/13.2.1/../../../../arm-none-eabi/lib/thumb/v7e-m+dp/hard\libc_nano.a(libc_a-memcpy-stub.o)
 .ARM.attributes
                0x00000587       0x20 c:/Users/Aaron/AppData/Roaming/Code/User/globalStorage/bmd.stm32-for-vscode/@xpack-dev-tools/arm-none-eabi-gcc/13.2.1-1.1.1/.content/bin/../lib/gcc/arm-none-eabi/13.2.1/thumb/v7e-m+dp/hard\libgcc.a(_aeabi_uldivmod.o)
 .ARM.attributes
                0x000005a7       0x32 c:/Users/Aaron/AppData/Roaming/Code/User/globalStorage/bmd.stm32-for-vscode/@xpack-dev-tools/arm-none-eabi-gcc/13.2.1-1.1.1/.content/bin/../lib/gcc/arm-none-eabi/13.2.1/thumb/v7e-m+dp/hard\libgcc.a(_udivmoddi4.o)
 .ARM.attributes
                0x000005d9       0x20 c:/Users/Aaron/AppData/Roaming/Code/User/globalStorage/bmd.stm32-for-vscode/@xpack-dev-tools/arm-none-eabi-gcc/13.2.1-1.1.1/.content/bin/../lib/gcc/arm-none-eabi/13.2.1/thumb/v7e-m+dp/hard\libgcc.a(_dvmd_tls.o)
 .ARM.attributes
                0x000005f9       0x20 c:/Users/Aaron/AppData/Roaming/Code/User/globalStorage/bmd.stm32-for-vscode/@xpack-dev-tools/arm-none-eabi-gcc/13.2.1-1.1.1/.content/bin/../lib/gcc/arm-none-eabi/13.2.1/thumb/v7e-m+dp/hard/crtn.o
OUTPUT(build/freertos-blinky.elf elf32-littlearm)
LOAD linker stubs
LOAD c:/Users/Aaron/AppData/Roaming/Code/User/globalStorage/bmd.stm32-for-vscode/@xpack-dev-tools/arm-none-eabi-gcc/13.2.1-1.1.1/.content/bin/../lib/gcc/arm-none-eabi/13.2.1/../../../../arm-none-eabi/lib/thumb/v7e-m+dp/hard\libc.a
LOAD c:/Users/Aaron/AppData/Roaming/Code/User/globalStorage/bmd.stm32-for-vscode/@xpack-dev-tools/arm-none-eabi-gcc/13.2.1-1.1.1/.content/bin/../lib/gcc/arm-none-eabi/13.2.1/../../../../arm-none-eabi/lib/thumb/v7e-m+dp/hard\libm.a
LOAD c:/Users/Aaron/AppData/Roaming/Code/User/globalStorage/bmd.stm32-for-vscode/@xpack-dev-tools/arm-none-eabi-gcc/13.2.1-1.1.1/.content/bin/../lib/gcc/arm-none-eabi/13.2.1/thumb/v7e-m+dp/hard\libgcc.a

.comment        0x00000000       0x39
 .comment       0x00000000       0x39 c:/Users/Aaron/AppData/Roaming/Code/User/globalStorage/bmd.stm32-for-vscode/@xpack-dev-tools/arm-none-eabi-gcc/13.2.1-1.1.1/.content/bin/../lib/gcc/arm-none-eabi/13.2.1/thumb/v7e-m+dp/hard/crtbegin.o
                                 0x3a (size before relaxing)
 .comment       0x00000039       0x3a build/main.o
 .comment       0x00000039       0x3a build/stm32h7xx_hal_msp.o
 .comment       0x00000039       0x3a build/stm32h7xx_hal_timebase_tim.o
 .comment       0x00000039       0x3a build/stm32h7xx_it.o
 .comment       0x00000039       0x3a build/system_stm32h7xx.o
 .comment       0x00000039       0x3a build/stm32h7xx_hal.o
 .comment       0x00000039       0x3a build/stm32h7xx_hal_cortex.o
 .comment       0x00000039       0x3a build/stm32h7xx_hal_eth.o
 .comment       0x00000039       0x3a build/stm32h7xx_hal_gpio.o
 .comment       0x00000039       0x3a build/stm32h7xx_hal_pwr_ex.o
 .comment       0x00000039       0x3a build/stm32h7xx_hal_rcc.o
 .comment       0x00000039       0x3a build/stm32h7xx_hal_rcc_ex.o
 .comment       0x00000039       0x3a build/stm32h7xx_hal_tim.o
 .comment       0x00000039       0x3a build/stm32h7xx_hal_tim_ex.o
 .comment       0x00000039       0x3a build/stm32h7xx_hal_uart.o
 .comment       0x00000039       0x3a build/stm32h7xx_hal_uart_ex.o
 .comment       0x00000039       0x3a build/cmsis_os2.o
 .comment       0x00000039       0x3a build/list.o
 .comment       0x00000039       0x3a build/port.o
 .comment       0x00000039       0x3a build/heap_4.o
 .comment       0x00000039       0x3a build/queue.o
 .comment       0x00000039       0x3a build/tasks.o
 .comment       0x00000039       0x3a build/timers.o
 .comment       0x00000039       0x3a c:/Users/Aaron/AppData/Roaming/Code/User/globalStorage/bmd.stm32-for-vscode/@xpack-dev-tools/arm-none-eabi-gcc/13.2.1-1.1.1/.content/bin/../lib/gcc/arm-none-eabi/13.2.1/../../../../arm-none-eabi/lib/thumb/v7e-m+dp/hard\libc_nano.a(libc_a-memset.o)
 .comment       0x00000039       0x3a c:/Users/Aaron/AppData/Roaming/Code/User/globalStorage/bmd.stm32-for-vscode/@xpack-dev-tools/arm-none-eabi-gcc/13.2.1-1.1.1/.content/bin/../lib/gcc/arm-none-eabi/13.2.1/../../../../arm-none-eabi/lib/thumb/v7e-m+dp/hard\libc_nano.a(libc_a-init.o)
 .comment       0x00000039       0x3a c:/Users/Aaron/AppData/Roaming/Code/User/globalStorage/bmd.stm32-for-vscode/@xpack-dev-tools/arm-none-eabi-gcc/13.2.1-1.1.1/.content/bin/../lib/gcc/arm-none-eabi/13.2.1/../../../../arm-none-eabi/lib/thumb/v7e-m+dp/hard\libc_nano.a(libc_a-memcpy-stub.o)
 .comment       0x00000039       0x3a c:/Users/Aaron/AppData/Roaming/Code/User/globalStorage/bmd.stm32-for-vscode/@xpack-dev-tools/arm-none-eabi-gcc/13.2.1-1.1.1/.content/bin/../lib/gcc/arm-none-eabi/13.2.1/thumb/v7e-m+dp/hard\libgcc.a(_udivmoddi4.o)

.debug_info     0x00000000    0x2c34b
 .debug_info    0x00000000     0x2c5c build/main.o
 .debug_info    0x00002c5c     0x24b1 build/stm32h7xx_hal_msp.o
 .debug_info    0x0000510d     0x1139 build/stm32h7xx_hal_timebase_tim.o
 .debug_info    0x00006246      0x7f0 build/stm32h7xx_it.o
 .debug_info    0x00006a36      0xb57 build/system_stm32h7xx.o
 .debug_info    0x0000758d     0x1796 build/stm32h7xx_hal.o
 .debug_info    0x00008d23     0x1309 build/stm32h7xx_hal_cortex.o
 .debug_info    0x0000a02c     0x2eea build/stm32h7xx_hal_eth.o
 .debug_info    0x0000cf16      0xc98 build/stm32h7xx_hal_gpio.o
 .debug_info    0x0000dbae      0xf22 build/stm32h7xx_hal_pwr_ex.o
 .debug_info    0x0000ead0     0x1037 build/stm32h7xx_hal_rcc.o
 .debug_info    0x0000fb07     0x1975 build/stm32h7xx_hal_rcc_ex.o
 .debug_info    0x0001147c     0x3e1d build/stm32h7xx_hal_tim.o
 .debug_info    0x00015299     0x1f93 build/stm32h7xx_hal_tim_ex.o
 .debug_info    0x0001722c     0x653f build/stm32h7xx_hal_uart.o
 .debug_info    0x0001d76b     0x1226 build/stm32h7xx_hal_uart_ex.o
 .debug_info    0x0001e991     0x5149 build/cmsis_os2.o
 .debug_info    0x00023ada      0x2bf build/list.o
 .debug_info    0x00023d99      0x55a build/port.o
 .debug_info    0x000242f3      0x593 build/heap_4.o
 .debug_info    0x00024886     0x279f build/queue.o
 .debug_info    0x00027025     0x307f build/tasks.o
 .debug_info    0x0002a0a4     0x1b14 build/timers.o
 .debug_info    0x0002bbb8       0x30 build/startup_stm32h723xx.o
 .debug_info    0x0002bbe8       0x24 c:/Users/Aaron/AppData/Roaming/Code/User/globalStorage/bmd.stm32-for-vscode/@xpack-dev-tools/arm-none-eabi-gcc/13.2.1-1.1.1/.content/bin/../lib/gcc/arm-none-eabi/13.2.1/thumb/v7e-m+dp/hard\libgcc.a(_aeabi_uldivmod.o)
 .debug_info    0x0002bc0c      0x703 c:/Users/Aaron/AppData/Roaming/Code/User/globalStorage/bmd.stm32-for-vscode/@xpack-dev-tools/arm-none-eabi-gcc/13.2.1-1.1.1/.content/bin/../lib/gcc/arm-none-eabi/13.2.1/thumb/v7e-m+dp/hard\libgcc.a(_udivmoddi4.o)
 .debug_info    0x0002c30f       0x3c c:/Users/Aaron/AppData/Roaming/Code/User/globalStorage/bmd.stm32-for-vscode/@xpack-dev-tools/arm-none-eabi-gcc/13.2.1-1.1.1/.content/bin/../lib/gcc/arm-none-eabi/13.2.1/thumb/v7e-m+dp/hard\libgcc.a(_dvmd_tls.o)

.debug_abbrev   0x00000000     0x42a9
 .debug_abbrev  0x00000000      0x33c build/main.o
 .debug_abbrev  0x0000033c      0x236 build/stm32h7xx_hal_msp.o
 .debug_abbrev  0x00000572      0x250 build/stm32h7xx_hal_timebase_tim.o
 .debug_abbrev  0x000007c2      0x184 build/stm32h7xx_it.o
 .debug_abbrev  0x00000946      0x13e build/system_stm32h7xx.o
 .debug_abbrev  0x00000a84      0x2c3 build/stm32h7xx_hal.o
 .debug_abbrev  0x00000d47      0x3ad build/stm32h7xx_hal_cortex.o
 .debug_abbrev  0x000010f4      0x358 build/stm32h7xx_hal_eth.o
 .debug_abbrev  0x0000144c      0x24e build/stm32h7xx_hal_gpio.o
 .debug_abbrev  0x0000169a      0x2b5 build/stm32h7xx_hal_pwr_ex.o
 .debug_abbrev  0x0000194f      0x294 build/stm32h7xx_hal_rcc.o
 .debug_abbrev  0x00001be3      0x282 build/stm32h7xx_hal_rcc_ex.o
 .debug_abbrev  0x00001e65      0x26f build/stm32h7xx_hal_tim.o
 .debug_abbrev  0x000020d4      0x282 build/stm32h7xx_hal_tim_ex.o
 .debug_abbrev  0x00002356      0x37a build/stm32h7xx_hal_uart.o
 .debug_abbrev  0x000026d0      0x343 build/stm32h7xx_hal_uart_ex.o
 .debug_abbrev  0x00002a13      0x5cf build/cmsis_os2.o
 .debug_abbrev  0x00002fe2      0x10a build/list.o
 .debug_abbrev  0x000030ec      0x293 build/port.o
 .debug_abbrev  0x0000337f      0x263 build/heap_4.o
 .debug_abbrev  0x000035e2      0x3ea build/queue.o
 .debug_abbrev  0x000039cc      0x394 build/tasks.o
 .debug_abbrev  0x00003d60      0x381 build/timers.o
 .debug_abbrev  0x000040e1       0x24 build/startup_stm32h723xx.o
 .debug_abbrev  0x00004105       0x14 c:/Users/Aaron/AppData/Roaming/Code/User/globalStorage/bmd.stm32-for-vscode/@xpack-dev-tools/arm-none-eabi-gcc/13.2.1-1.1.1/.content/bin/../lib/gcc/arm-none-eabi/13.2.1/thumb/v7e-m+dp/hard\libgcc.a(_aeabi_uldivmod.o)
 .debug_abbrev  0x00004119      0x16a c:/Users/Aaron/AppData/Roaming/Code/User/globalStorage/bmd.stm32-for-vscode/@xpack-dev-tools/arm-none-eabi-gcc/13.2.1-1.1.1/.content/bin/../lib/gcc/arm-none-eabi/13.2.1/thumb/v7e-m+dp/hard\libgcc.a(_udivmoddi4.o)
 .debug_abbrev  0x00004283       0x26 c:/Users/Aaron/AppData/Roaming/Code/User/globalStorage/bmd.stm32-for-vscode/@xpack-dev-tools/arm-none-eabi-gcc/13.2.1-1.1.1/.content/bin/../lib/gcc/arm-none-eabi/13.2.1/thumb/v7e-m+dp/hard\libgcc.a(_dvmd_tls.o)

.debug_loclists
                0x00000000    0x14ec2
 .debug_loclists
                0x00000000       0x7a build/main.o
 .debug_loclists
                0x0000007a       0xc0 build/stm32h7xx_hal_msp.o
 .debug_loclists
                0x0000013a       0x7f build/stm32h7xx_hal_timebase_tim.o
 .debug_loclists
                0x000001b9      0x120 build/system_stm32h7xx.o
 .debug_loclists
                0x000002d9      0x2e8 build/stm32h7xx_hal.o
 .debug_loclists
                0x000005c1      0x50a build/stm32h7xx_hal_cortex.o
 .debug_loclists
                0x00000acb     0x119d build/stm32h7xx_hal_eth.o
 .debug_loclists
                0x00001c68      0x2a0 build/stm32h7xx_hal_gpio.o
 .debug_loclists
                0x00001f08      0x2be build/stm32h7xx_hal_pwr_ex.o
 .debug_loclists
                0x000021c6      0x61e build/stm32h7xx_hal_rcc.o
 .debug_loclists
                0x000027e4     0x13df build/stm32h7xx_hal_rcc_ex.o
 .debug_loclists
                0x00003bc3     0x3c09 build/stm32h7xx_hal_tim.o
 .debug_loclists
                0x000077cc     0x1d61 build/stm32h7xx_hal_tim_ex.o
 .debug_loclists
                0x0000952d     0x38a8 build/stm32h7xx_hal_uart.o
 .debug_loclists
                0x0000cdd5      0x7dc build/stm32h7xx_hal_uart_ex.o
 .debug_loclists
                0x0000d5b1     0x37ae build/cmsis_os2.o
 .debug_loclists
                0x00010d5f       0x75 build/list.o
 .debug_loclists
                0x00010dd4       0xc1 build/port.o
 .debug_loclists
                0x00010e95      0x2b7 build/heap_4.o
 .debug_loclists
                0x0001114c     0x10eb build/queue.o
 .debug_loclists
                0x00012237     0x16f2 build/tasks.o
 .debug_loclists
                0x00013929      0xb84 build/timers.o
 .debug_loclists
                0x000144ad      0xa15 c:/Users/Aaron/AppData/Roaming/Code/User/globalStorage/bmd.stm32-for-vscode/@xpack-dev-tools/arm-none-eabi-gcc/13.2.1-1.1.1/.content/bin/../lib/gcc/arm-none-eabi/13.2.1/thumb/v7e-m+dp/hard\libgcc.a(_udivmoddi4.o)

.debug_aranges  0x00000000     0x19f8
 .debug_aranges
                0x00000000       0x60 build/main.o
 .debug_aranges
                0x00000060       0x40 build/stm32h7xx_hal_msp.o
 .debug_aranges
                0x000000a0       0x30 build/stm32h7xx_hal_timebase_tim.o
 .debug_aranges
                0x000000d0       0x50 build/stm32h7xx_it.o
 .debug_aranges
                0x00000120       0x28 build/system_stm32h7xx.o
 .debug_aranges
                0x00000148      0x1c8 build/stm32h7xx_hal.o
 .debug_aranges
                0x00000310       0xf8 build/stm32h7xx_hal_cortex.o
 .debug_aranges
                0x00000408      0x1d8 build/stm32h7xx_hal_eth.o
 .debug_aranges
                0x000005e0       0x58 build/stm32h7xx_hal_gpio.o
 .debug_aranges
                0x00000638      0x148 build/stm32h7xx_hal_pwr_ex.o
 .debug_aranges
                0x00000780       0x88 build/stm32h7xx_hal_rcc.o
 .debug_aranges
                0x00000808       0xf8 build/stm32h7xx_hal_rcc_ex.o
 .debug_aranges
                0x00000900      0x3e0 build/stm32h7xx_hal_tim.o
 .debug_aranges
                0x00000ce0      0x198 build/stm32h7xx_hal_tim_ex.o
 .debug_aranges
                0x00000e78      0x248 build/stm32h7xx_hal_uart.o
 .debug_aranges
                0x000010c0       0xa8 build/stm32h7xx_hal_uart_ex.o
 .debug_aranges
                0x00001168      0x2a0 build/cmsis_os2.o
 .debug_aranges
                0x00001408       0x40 build/list.o
 .debug_aranges
                0x00001448       0x80 build/port.o
 .debug_aranges
                0x000014c8       0x58 build/heap_4.o
 .debug_aranges
                0x00001520      0x158 build/queue.o
 .debug_aranges
                0x00001678      0x208 build/tasks.o
 .debug_aranges
                0x00001880       0xf0 build/timers.o
 .debug_aranges
                0x00001970       0x28 build/startup_stm32h723xx.o
 .debug_aranges
                0x00001998       0x20 c:/Users/Aaron/AppData/Roaming/Code/User/globalStorage/bmd.stm32-for-vscode/@xpack-dev-tools/arm-none-eabi-gcc/13.2.1-1.1.1/.content/bin/../lib/gcc/arm-none-eabi/13.2.1/thumb/v7e-m+dp/hard\libgcc.a(_aeabi_uldivmod.o)
 .debug_aranges
                0x000019b8       0x20 c:/Users/Aaron/AppData/Roaming/Code/User/globalStorage/bmd.stm32-for-vscode/@xpack-dev-tools/arm-none-eabi-gcc/13.2.1-1.1.1/.content/bin/../lib/gcc/arm-none-eabi/13.2.1/thumb/v7e-m+dp/hard\libgcc.a(_udivmoddi4.o)
 .debug_aranges
                0x000019d8       0x20 c:/Users/Aaron/AppData/Roaming/Code/User/globalStorage/bmd.stm32-for-vscode/@xpack-dev-tools/arm-none-eabi-gcc/13.2.1-1.1.1/.content/bin/../lib/gcc/arm-none-eabi/13.2.1/thumb/v7e-m+dp/hard\libgcc.a(_dvmd_tls.o)

.debug_rnglists
                0x00000000     0x159d
 .debug_rnglists
                0x00000000       0x45 build/main.o
 .debug_rnglists
                0x00000045       0x2d build/stm32h7xx_hal_msp.o
 .debug_rnglists
                0x00000072       0x20 build/stm32h7xx_hal_timebase_tim.o
 .debug_rnglists
                0x00000092       0x37 build/stm32h7xx_it.o
 .debug_rnglists
                0x000000c9       0x1b build/system_stm32h7xx.o
 .debug_rnglists
                0x000000e4      0x153 build/stm32h7xx_hal.o
 .debug_rnglists
                0x00000237       0xb5 build/stm32h7xx_hal_cortex.o
 .debug_rnglists
                0x000002ec      0x16a build/stm32h7xx_hal_eth.o
 .debug_rnglists
                0x00000456       0x3f build/stm32h7xx_hal_gpio.o
 .debug_rnglists
                0x00000495      0x125 build/stm32h7xx_hal_pwr_ex.o
 .debug_rnglists
                0x000005ba       0xa9 build/stm32h7xx_hal_rcc.o
 .debug_rnglists
                0x00000663       0xbf build/stm32h7xx_hal_rcc_ex.o
 .debug_rnglists
                0x00000722      0x314 build/stm32h7xx_hal_tim.o
 .debug_rnglists
                0x00000a36      0x144 build/stm32h7xx_hal_tim_ex.o
 .debug_rnglists
                0x00000b7a      0x1cb build/stm32h7xx_hal_uart.o
 .debug_rnglists
                0x00000d45       0x88 build/stm32h7xx_hal_uart_ex.o
 .debug_rnglists
                0x00000dcd      0x1fd build/cmsis_os2.o
 .debug_rnglists
                0x00000fca       0x2b build/list.o
 .debug_rnglists
                0x00000ff5       0x69 build/port.o
 .debug_rnglists
                0x0000105e       0x3f build/heap_4.o
 .debug_rnglists
                0x0000109d      0x164 build/queue.o
 .debug_rnglists
                0x00001201      0x23a build/tasks.o
 .debug_rnglists
                0x0000143b       0xb0 build/timers.o
 .debug_rnglists
                0x000014eb       0x19 build/startup_stm32h723xx.o
 .debug_rnglists
                0x00001504       0x99 c:/Users/Aaron/AppData/Roaming/Code/User/globalStorage/bmd.stm32-for-vscode/@xpack-dev-tools/arm-none-eabi-gcc/13.2.1-1.1.1/.content/bin/../lib/gcc/arm-none-eabi/13.2.1/thumb/v7e-m+dp/hard\libgcc.a(_udivmoddi4.o)

.debug_line     0x00000000    0x1f4f9
 .debug_line    0x00000000      0x922 build/main.o
 .debug_line    0x00000922      0x4d8 build/stm32h7xx_hal_msp.o
 .debug_line    0x00000dfa      0x386 build/stm32h7xx_hal_timebase_tim.o
 .debug_line    0x00001180      0x2e7 build/stm32h7xx_it.o
 .debug_line    0x00001467      0x525 build/system_stm32h7xx.o
 .debug_line    0x0000198c      0xa1d build/stm32h7xx_hal.o
 .debug_line    0x000023a9      0x8d3 build/stm32h7xx_hal_cortex.o
 .debug_line    0x00002c7c     0x1dc0 build/stm32h7xx_hal_eth.o
 .debug_line    0x00004a3c      0x79b build/stm32h7xx_hal_gpio.o
 .debug_line    0x000051d7      0xadc build/stm32h7xx_hal_pwr_ex.o
 .debug_line    0x00005cb3     0x140e build/stm32h7xx_hal_rcc.o
 .debug_line    0x000070c1     0x1f8f build/stm32h7xx_hal_rcc_ex.o
 .debug_line    0x00009050     0x4b78 build/stm32h7xx_hal_tim.o
 .debug_line    0x0000dbc8     0x1f57 build/stm32h7xx_hal_tim_ex.o
 .debug_line    0x0000fb1f     0x5277 build/stm32h7xx_hal_uart.o
 .debug_line    0x00014d96      0xb29 build/stm32h7xx_hal_uart_ex.o
 .debug_line    0x000158bf     0x2cb0 build/cmsis_os2.o
 .debug_line    0x0001856f      0x3fd build/list.o
 .debug_line    0x0001896c      0x6cb build/port.o
 .debug_line    0x00019037      0x7ff build/heap_4.o
 .debug_line    0x00019836     0x1e22 build/queue.o
 .debug_line    0x0001b658     0x28fd build/tasks.o
 .debug_line    0x0001df55      0xee3 build/timers.o
 .debug_line    0x0001ee38       0x76 build/startup_stm32h723xx.o
 .debug_line    0x0001eeae       0x4e c:/Users/Aaron/AppData/Roaming/Code/User/globalStorage/bmd.stm32-for-vscode/@xpack-dev-tools/arm-none-eabi-gcc/13.2.1-1.1.1/.content/bin/../lib/gcc/arm-none-eabi/13.2.1/thumb/v7e-m+dp/hard\libgcc.a(_aeabi_uldivmod.o)
 .debug_line    0x0001eefc      0x5b3 c:/Users/Aaron/AppData/Roaming/Code/User/globalStorage/bmd.stm32-for-vscode/@xpack-dev-tools/arm-none-eabi-gcc/13.2.1-1.1.1/.content/bin/../lib/gcc/arm-none-eabi/13.2.1/thumb/v7e-m+dp/hard\libgcc.a(_udivmoddi4.o)
 .debug_line    0x0001f4af       0x4a c:/Users/Aaron/AppData/Roaming/Code/User/globalStorage/bmd.stm32-for-vscode/@xpack-dev-tools/arm-none-eabi-gcc/13.2.1-1.1.1/.content/bin/../lib/gcc/arm-none-eabi/13.2.1/thumb/v7e-m+dp/hard\libgcc.a(_dvmd_tls.o)

.debug_str      0x00000000     0xaad5
 .debug_str     0x00000000     0xaad5 build/main.o
                               0x201a (size before relaxing)
 .debug_str     0x0000aad5     0x1eb0 build/stm32h7xx_hal_msp.o
 .debug_str     0x0000aad5     0x13aa build/stm32h7xx_hal_timebase_tim.o
 .debug_str     0x0000aad5      0x866 build/stm32h7xx_it.o
 .debug_str     0x0000aad5      0x67c build/system_stm32h7xx.o
 .debug_str     0x0000aad5     0x157b build/stm32h7xx_hal.o
 .debug_str     0x0000aad5     0x1020 build/stm32h7xx_hal_cortex.o
 .debug_str     0x0000aad5     0x1b3d build/stm32h7xx_hal_eth.o
 .debug_str     0x0000aad5      0x6b5 build/stm32h7xx_hal_gpio.o
 .debug_str     0x0000aad5      0x993 build/stm32h7xx_hal_pwr_ex.o
 .debug_str     0x0000aad5      0x99a build/stm32h7xx_hal_rcc.o
 .debug_str     0x0000aad5      0xedc build/stm32h7xx_hal_rcc_ex.o
 .debug_str     0x0000aad5     0x1848 build/stm32h7xx_hal_tim.o
 .debug_str     0x0000aad5     0x11d4 build/stm32h7xx_hal_tim_ex.o
 .debug_str     0x0000aad5     0x1492 build/stm32h7xx_hal_uart.o
 .debug_str     0x0000aad5      0xb86 build/stm32h7xx_hal_uart_ex.o
 .debug_str     0x0000aad5     0x256b build/cmsis_os2.o
 .debug_str     0x0000aad5      0x2df build/list.o
 .debug_str     0x0000aad5      0x45f build/port.o
 .debug_str     0x0000aad5      0x4f8 build/heap_4.o
 .debug_str     0x0000aad5      0xcf5 build/queue.o
 .debug_str     0x0000aad5     0x12c4 build/tasks.o
 .debug_str     0x0000aad5      0xc25 build/timers.o
 .debug_str     0x0000aad5       0x5b build/startup_stm32h723xx.o
 .debug_str     0x0000aad5      0x120 c:/Users/Aaron/AppData/Roaming/Code/User/globalStorage/bmd.stm32-for-vscode/@xpack-dev-tools/arm-none-eabi-gcc/13.2.1-1.1.1/.content/bin/../lib/gcc/arm-none-eabi/13.2.1/thumb/v7e-m+dp/hard\libgcc.a(_aeabi_uldivmod.o)
 .debug_str     0x0000aad5      0x73c c:/Users/Aaron/AppData/Roaming/Code/User/globalStorage/bmd.stm32-for-vscode/@xpack-dev-tools/arm-none-eabi-gcc/13.2.1-1.1.1/.content/bin/../lib/gcc/arm-none-eabi/13.2.1/thumb/v7e-m+dp/hard\libgcc.a(_udivmoddi4.o)
 .debug_str     0x0000aad5      0x140 c:/Users/Aaron/AppData/Roaming/Code/User/globalStorage/bmd.stm32-for-vscode/@xpack-dev-tools/arm-none-eabi-gcc/13.2.1-1.1.1/.content/bin/../lib/gcc/arm-none-eabi/13.2.1/thumb/v7e-m+dp/hard\libgcc.a(_dvmd_tls.o)

.debug_frame    0x00000000     0x4734
 .debug_frame   0x00000000       0xf8 build/main.o
 .debug_frame   0x000000f8       0xa4 build/stm32h7xx_hal_msp.o
 .debug_frame   0x0000019c       0x50 build/stm32h7xx_hal_timebase_tim.o
 .debug_frame   0x000001ec       0x88 build/stm32h7xx_it.o
 .debug_frame   0x00000274       0x3c build/system_stm32h7xx.o
 .debug_frame   0x000002b0      0x3c0 build/stm32h7xx_hal.o
 .debug_frame   0x00000670      0x214 build/stm32h7xx_hal_cortex.o
 .debug_frame   0x00000884      0x4e0 build/stm32h7xx_hal_eth.o
 .debug_frame   0x00000d64       0xd4 build/stm32h7xx_hal_gpio.o
 .debug_frame   0x00000e38      0x2d4 build/stm32h7xx_hal_pwr_ex.o
 .debug_frame   0x0000110c      0x184 build/stm32h7xx_hal_rcc.o
 .debug_frame   0x00001290      0x284 build/stm32h7xx_hal_rcc_ex.o
 .debug_frame   0x00001514      0xb70 build/stm32h7xx_hal_tim.o
 .debug_frame   0x00002084      0x4c4 build/stm32h7xx_hal_tim_ex.o
 .debug_frame   0x00002548      0x680 build/stm32h7xx_hal_uart.o
 .debug_frame   0x00002bc8      0x1c8 build/stm32h7xx_hal_uart_ex.o
 .debug_frame   0x00002d90      0x90c build/cmsis_os2.o
 .debug_frame   0x0000369c       0x70 build/list.o
 .debug_frame   0x0000370c      0x110 build/port.o
 .debug_frame   0x0000381c       0xd0 build/heap_4.o
 .debug_frame   0x000038ec      0x458 build/queue.o
 .debug_frame   0x00003d44      0x684 build/tasks.o
 .debug_frame   0x000043c8      0x30c build/timers.o
 .debug_frame   0x000046d4       0x2c c:/Users/Aaron/AppData/Roaming/Code/User/globalStorage/bmd.stm32-for-vscode/@xpack-dev-tools/arm-none-eabi-gcc/13.2.1-1.1.1/.content/bin/../lib/gcc/arm-none-eabi/13.2.1/thumb/v7e-m+dp/hard\libgcc.a(_aeabi_uldivmod.o)
 .debug_frame   0x00004700       0x34 c:/Users/Aaron/AppData/Roaming/Code/User/globalStorage/bmd.stm32-for-vscode/@xpack-dev-tools/arm-none-eabi-gcc/13.2.1-1.1.1/.content/bin/../lib/gcc/arm-none-eabi/13.2.1/thumb/v7e-m+dp/hard\libgcc.a(_udivmoddi4.o)

.debug_line_str
                0x00000000      0x15d
 .debug_line_str
                0x00000000      0x15d build/startup_stm32h723xx.o
                                 0x3f (size before relaxing)
 .debug_line_str
                0x0000015d      0x112 c:/Users/Aaron/AppData/Roaming/Code/User/globalStorage/bmd.stm32-for-vscode/@xpack-dev-tools/arm-none-eabi-gcc/13.2.1-1.1.1/.content/bin/../lib/gcc/arm-none-eabi/13.2.1/thumb/v7e-m+dp/hard\libgcc.a(_aeabi_uldivmod.o)
 .debug_line_str
                0x0000015d      0x116 c:/Users/Aaron/AppData/Roaming/Code/User/globalStorage/bmd.stm32-for-vscode/@xpack-dev-tools/arm-none-eabi-gcc/13.2.1-1.1.1/.content/bin/../lib/gcc/arm-none-eabi/13.2.1/thumb/v7e-m+dp/hard\libgcc.a(_dvmd_tls.o)

Cross Reference Table

Symbol                                            File
ADC3_IRQHandler                                   build/startup_stm32h723xx.o
ADC_IRQHandler                                    build/startup_stm32h723xx.o
BDMA_Channel0_IRQHandler                          build/startup_stm32h723xx.o
BDMA_Channel1_IRQHandler                          build/startup_stm32h723xx.o
BDMA_Channel2_IRQHandler                          build/startup_stm32h723xx.o
BDMA_Channel3_IRQHandler                          build/startup_stm32h723xx.o
BDMA_Channel4_IRQHandler                          build/startup_stm32h723xx.o
BDMA_Channel5_IRQHandler                          build/startup_stm32h723xx.o
BDMA_Channel6_IRQHandler                          build/startup_stm32h723xx.o
BDMA_Channel7_IRQHandler                          build/startup_stm32h723xx.o
BusFault_Handler                                  build/stm32h7xx_it.o
CEC_IRQHandler                                    build/startup_stm32h723xx.o
COMP1_IRQHandler                                  build/startup_stm32h723xx.o
CORDIC_IRQHandler                                 build/startup_stm32h723xx.o
CRS_IRQHandler                                    build/startup_stm32h723xx.o
D1CorePrescTable                                  build/system_stm32h7xx.o
                                                  build/stm32h7xx_hal_rcc_ex.o
                                                  build/stm32h7xx_hal_rcc.o
                                                  build/stm32h7xx_hal.o
DCMI_PSSI_IRQHandler                              build/startup_stm32h723xx.o
DFSDM1_FLT0_IRQHandler                            build/startup_stm32h723xx.o
DFSDM1_FLT1_IRQHandler                            build/startup_stm32h723xx.o
DFSDM1_FLT2_IRQHandler                            build/startup_stm32h723xx.o
DFSDM1_FLT3_IRQHandler                            build/startup_stm32h723xx.o
DMA1_Stream0_IRQHandler                           build/startup_stm32h723xx.o
DMA1_Stream1_IRQHandler                           build/startup_stm32h723xx.o
DMA1_Stream2_IRQHandler                           build/startup_stm32h723xx.o
DMA1_Stream3_IRQHandler                           build/startup_stm32h723xx.o
DMA1_Stream4_IRQHandler                           build/startup_stm32h723xx.o
DMA1_Stream5_IRQHandler                           build/startup_stm32h723xx.o
DMA1_Stream6_IRQHandler                           build/startup_stm32h723xx.o
DMA1_Stream7_IRQHandler                           build/startup_stm32h723xx.o
DMA2D_IRQHandler                                  build/startup_stm32h723xx.o
DMA2_Stream0_IRQHandler                           build/startup_stm32h723xx.o
DMA2_Stream1_IRQHandler                           build/startup_stm32h723xx.o
DMA2_Stream2_IRQHandler                           build/startup_stm32h723xx.o
DMA2_Stream3_IRQHandler                           build/startup_stm32h723xx.o
DMA2_Stream4_IRQHandler                           build/startup_stm32h723xx.o
DMA2_Stream5_IRQHandler                           build/startup_stm32h723xx.o
DMA2_Stream6_IRQHandler                           build/startup_stm32h723xx.o
DMA2_Stream7_IRQHandler                           build/startup_stm32h723xx.o
DMAMUX1_OVR_IRQHandler                            build/startup_stm32h723xx.o
DMAMUX2_OVR_IRQHandler                            build/startup_stm32h723xx.o
DMARxDscrTab                                      build/main.o
DMATxDscrTab                                      build/main.o
DTS_IRQHandler                                    build/startup_stm32h723xx.o
DebugMon_Handler                                  build/stm32h7xx_it.o
Default_Handler                                   build/startup_stm32h723xx.o
ECC_IRQHandler                                    build/startup_stm32h723xx.o
ETH_IRQHandler                                    build/startup_stm32h723xx.o
ETH_WKUP_IRQHandler                               build/startup_stm32h723xx.o
EXTI0_IRQHandler                                  build/startup_stm32h723xx.o
EXTI15_10_IRQHandler                              build/startup_stm32h723xx.o
EXTI1_IRQHandler                                  build/startup_stm32h723xx.o
EXTI2_IRQHandler                                  build/startup_stm32h723xx.o
EXTI3_IRQHandler                                  build/startup_stm32h723xx.o
EXTI4_IRQHandler                                  build/startup_stm32h723xx.o
EXTI9_5_IRQHandler                                build/startup_stm32h723xx.o
Error_Handler                                     build/main.o
                                                  build/stm32h7xx_hal_msp.o
FDCAN1_IT0_IRQHandler                             build/startup_stm32h723xx.o
FDCAN1_IT1_IRQHandler                             build/startup_stm32h723xx.o
FDCAN2_IT0_IRQHandler                             build/startup_stm32h723xx.o
FDCAN2_IT1_IRQHandler                             build/startup_stm32h723xx.o
FDCAN3_IT0_IRQHandler                             build/startup_stm32h723xx.o
FDCAN3_IT1_IRQHandler                             build/startup_stm32h723xx.o
FDCAN_CAL_IRQHandler                              build/startup_stm32h723xx.o
FLASH_CRC_WaitForLastOperation                    build/stm32h7xx_hal_flash.o
                                                  build/stm32h7xx_hal_flash_ex.o
FLASH_Erase_Sector                                build/stm32h7xx_hal_flash_ex.o
                                                  build/stm32h7xx_hal_flash.o
FLASH_IRQHandler                                  build/startup_stm32h723xx.o
FLASH_OB_WaitForLastOperation                     build/stm32h7xx_hal_flash.o
                                                  build/stm32h7xx_hal_flash_ex.o
FLASH_WaitForLastOperation                        build/stm32h7xx_hal_flash.o
                                                  build/stm32h7xx_hal_flash_ex.o
FMAC_IRQHandler                                   build/startup_stm32h723xx.o
FMC_IRQHandler                                    build/startup_stm32h723xx.o
FPU_IRQHandler                                    build/startup_stm32h723xx.o
HAL_DBGMCU_DisableDBGSleepMode                    build/stm32h7xx_hal.o
HAL_DBGMCU_DisableDBGStandbyMode                  build/stm32h7xx_hal.o
HAL_DBGMCU_DisableDBGStopMode                     build/stm32h7xx_hal.o
HAL_DBGMCU_EnableDBGSleepMode                     build/stm32h7xx_hal.o
HAL_DBGMCU_EnableDBGStandbyMode                   build/stm32h7xx_hal.o
HAL_DBGMCU_EnableDBGStopMode                      build/stm32h7xx_hal.o
HAL_DMAEx_ChangeMemory                            build/stm32h7xx_hal_dma_ex.o
HAL_DMAEx_ConfigMuxRequestGenerator               build/stm32h7xx_hal_dma_ex.o
HAL_DMAEx_ConfigMuxSync                           build/stm32h7xx_hal_dma_ex.o
HAL_DMAEx_DisableMuxRequestGenerator              build/stm32h7xx_hal_dma_ex.o
HAL_DMAEx_EnableMuxRequestGenerator               build/stm32h7xx_hal_dma_ex.o
HAL_DMAEx_MUX_IRQHandler                          build/stm32h7xx_hal_dma_ex.o
HAL_DMAEx_MultiBufferStart                        build/stm32h7xx_hal_dma_ex.o
HAL_DMAEx_MultiBufferStart_IT                     build/stm32h7xx_hal_dma_ex.o
HAL_DMA_Abort                                     build/stm32h7xx_hal_dma.o
                                                  build/stm32h7xx_hal_uart.o
HAL_DMA_Abort_IT                                  build/stm32h7xx_hal_dma.o
                                                  build/stm32h7xx_hal_uart.o
                                                  build/stm32h7xx_hal_tim_ex.o
                                                  build/stm32h7xx_hal_tim.o
                                                  build/stm32h7xx_hal_i2c.o
HAL_DMA_DeInit                                    build/stm32h7xx_hal_dma.o
HAL_DMA_GetError                                  build/stm32h7xx_hal_dma.o
                                                  build/stm32h7xx_hal_uart.o
                                                  build/stm32h7xx_hal_i2c.o
HAL_DMA_GetState                                  build/stm32h7xx_hal_dma.o
                                                  build/stm32h7xx_hal_i2c.o
HAL_DMA_IRQHandler                                build/stm32h7xx_hal_dma.o
HAL_DMA_Init                                      build/stm32h7xx_hal_dma.o
HAL_DMA_PollForTransfer                           build/stm32h7xx_hal_dma.o
HAL_DMA_RegisterCallback                          build/stm32h7xx_hal_dma.o
HAL_DMA_Start                                     build/stm32h7xx_hal_dma.o
HAL_DMA_Start_IT                                  build/stm32h7xx_hal_dma.o
                                                  build/stm32h7xx_hal_uart.o
                                                  build/stm32h7xx_hal_tim_ex.o
                                                  build/stm32h7xx_hal_tim.o
                                                  build/stm32h7xx_hal_i2c.o
HAL_DMA_UnRegisterCallback                        build/stm32h7xx_hal_dma.o
HAL_DeInit                                        build/stm32h7xx_hal.o
HAL_Delay                                         build/stm32h7xx_hal.o
HAL_DisableCompensationCell                       build/stm32h7xx_hal.o
HAL_DisableDomain3DBGStandbyMode                  build/stm32h7xx_hal.o
HAL_DisableDomain3DBGStopMode                     build/stm32h7xx_hal.o
HAL_ETHEx_DisableARPOffload                       build/stm32h7xx_hal_eth_ex.o
HAL_ETHEx_DisableL3L4Filtering                    build/stm32h7xx_hal_eth_ex.o
HAL_ETHEx_DisableVLANProcessing                   build/stm32h7xx_hal_eth_ex.o
HAL_ETHEx_EnableARPOffload                        build/stm32h7xx_hal_eth_ex.o
HAL_ETHEx_EnableL3L4Filtering                     build/stm32h7xx_hal_eth_ex.o
HAL_ETHEx_EnableVLANProcessing                    build/stm32h7xx_hal_eth_ex.o
HAL_ETHEx_EnterLPIMode                            build/stm32h7xx_hal_eth_ex.o
HAL_ETHEx_ExitLPIMode                             build/stm32h7xx_hal_eth_ex.o
HAL_ETHEx_GetL3FilterConfig                       build/stm32h7xx_hal_eth_ex.o
HAL_ETHEx_GetL4FilterConfig                       build/stm32h7xx_hal_eth_ex.o
HAL_ETHEx_GetMACLPIEvent                          build/stm32h7xx_hal_eth_ex.o
HAL_ETHEx_GetRxVLANConfig                         build/stm32h7xx_hal_eth_ex.o
HAL_ETHEx_GetTxVLANConfig                         build/stm32h7xx_hal_eth_ex.o
HAL_ETHEx_SetARPAddressMatch                      build/stm32h7xx_hal_eth_ex.o
HAL_ETHEx_SetL3FilterConfig                       build/stm32h7xx_hal_eth_ex.o
HAL_ETHEx_SetL4FilterConfig                       build/stm32h7xx_hal_eth_ex.o
HAL_ETHEx_SetRxVLANConfig                         build/stm32h7xx_hal_eth_ex.o
HAL_ETHEx_SetTxVLANConfig                         build/stm32h7xx_hal_eth_ex.o
HAL_ETHEx_SetTxVLANIdentifier                     build/stm32h7xx_hal_eth_ex.o
HAL_ETHEx_SetVLANHashTable                        build/stm32h7xx_hal_eth_ex.o
HAL_ETH_DeInit                                    build/stm32h7xx_hal_eth.o
HAL_ETH_EEECallback                               build/stm32h7xx_hal_eth.o
HAL_ETH_EnterPowerDownMode                        build/stm32h7xx_hal_eth.o
HAL_ETH_ErrorCallback                             build/stm32h7xx_hal_eth.o
HAL_ETH_ExitPowerDownMode                         build/stm32h7xx_hal_eth.o
HAL_ETH_GetDMAConfig                              build/stm32h7xx_hal_eth.o
HAL_ETH_GetDMAError                               build/stm32h7xx_hal_eth.o
HAL_ETH_GetError                                  build/stm32h7xx_hal_eth.o
HAL_ETH_GetMACConfig                              build/stm32h7xx_hal_eth.o
HAL_ETH_GetMACError                               build/stm32h7xx_hal_eth.o
HAL_ETH_GetMACFilterConfig                        build/stm32h7xx_hal_eth.o
HAL_ETH_GetMACWakeUpSource                        build/stm32h7xx_hal_eth.o
HAL_ETH_GetRxDataErrorCode                        build/stm32h7xx_hal_eth.o
HAL_ETH_GetState                                  build/stm32h7xx_hal_eth.o
HAL_ETH_IRQHandler                                build/stm32h7xx_hal_eth.o
HAL_ETH_Init                                      build/stm32h7xx_hal_eth.o
                                                  build/main.o
HAL_ETH_MspDeInit                                 build/stm32h7xx_hal_msp.o
HAL_ETH_MspInit                                   build/stm32h7xx_hal_msp.o
HAL_ETH_PMTCallback                               build/stm32h7xx_hal_eth.o
HAL_ETH_ReadData                                  build/stm32h7xx_hal_eth.o
HAL_ETH_ReadPHYRegister                           build/stm32h7xx_hal_eth.o
HAL_ETH_RegisterRxAllocateCallback                build/stm32h7xx_hal_eth.o
HAL_ETH_RegisterRxLinkCallback                    build/stm32h7xx_hal_eth.o
HAL_ETH_RegisterTxFreeCallback                    build/stm32h7xx_hal_eth.o
HAL_ETH_ReleaseTxPacket                           build/stm32h7xx_hal_eth.o
HAL_ETH_RxAllocateCallback                        build/stm32h7xx_hal_eth.o
HAL_ETH_RxCpltCallback                            build/stm32h7xx_hal_eth.o
HAL_ETH_RxLinkCallback                            build/stm32h7xx_hal_eth.o
HAL_ETH_SetDMAConfig                              build/stm32h7xx_hal_eth.o
HAL_ETH_SetHashTable                              build/stm32h7xx_hal_eth.o
HAL_ETH_SetMACConfig                              build/stm32h7xx_hal_eth.o
HAL_ETH_SetMACFilterConfig                        build/stm32h7xx_hal_eth.o
HAL_ETH_SetMDIOClockRange                         build/stm32h7xx_hal_eth.o
HAL_ETH_SetRxVLANIdentifier                       build/stm32h7xx_hal_eth.o
HAL_ETH_SetSourceMACAddrMatch                     build/stm32h7xx_hal_eth.o
HAL_ETH_SetWakeUpFilter                           build/stm32h7xx_hal_eth.o
HAL_ETH_Start                                     build/stm32h7xx_hal_eth.o
HAL_ETH_Start_IT                                  build/stm32h7xx_hal_eth.o
HAL_ETH_Stop                                      build/stm32h7xx_hal_eth.o
HAL_ETH_Stop_IT                                   build/stm32h7xx_hal_eth.o
HAL_ETH_Transmit                                  build/stm32h7xx_hal_eth.o
HAL_ETH_Transmit_IT                               build/stm32h7xx_hal_eth.o
HAL_ETH_TxCpltCallback                            build/stm32h7xx_hal_eth.o
HAL_ETH_TxFreeCallback                            build/stm32h7xx_hal_eth.o
HAL_ETH_UnRegisterRxAllocateCallback              build/stm32h7xx_hal_eth.o
HAL_ETH_UnRegisterRxLinkCallback                  build/stm32h7xx_hal_eth.o
HAL_ETH_UnRegisterTxFreeCallback                  build/stm32h7xx_hal_eth.o
HAL_ETH_WakeUpCallback                            build/stm32h7xx_hal_eth.o
HAL_ETH_WritePHYRegister                          build/stm32h7xx_hal_eth.o
HAL_EXTI_ClearConfigLine                          build/stm32h7xx_hal_exti.o
HAL_EXTI_ClearPending                             build/stm32h7xx_hal_exti.o
HAL_EXTI_D1_ClearFlag                             build/stm32h7xx_hal.o
HAL_EXTI_D1_EventInputConfig                      build/stm32h7xx_hal.o
HAL_EXTI_D3_EventInputConfig                      build/stm32h7xx_hal.o
HAL_EXTI_EdgeConfig                               build/stm32h7xx_hal.o
HAL_EXTI_GenerateSWI                              build/stm32h7xx_hal_exti.o
HAL_EXTI_GenerateSWInterrupt                      build/stm32h7xx_hal.o
HAL_EXTI_GetConfigLine                            build/stm32h7xx_hal_exti.o
HAL_EXTI_GetHandle                                build/stm32h7xx_hal_exti.o
HAL_EXTI_GetPending                               build/stm32h7xx_hal_exti.o
HAL_EXTI_IRQHandler                               build/stm32h7xx_hal_exti.o
HAL_EXTI_RegisterCallback                         build/stm32h7xx_hal_exti.o
HAL_EXTI_SetConfigLine                            build/stm32h7xx_hal_exti.o
HAL_EnableCompensationCell                        build/stm32h7xx_hal.o
HAL_EnableDomain3DBGStandbyMode                   build/stm32h7xx_hal.o
HAL_EnableDomain3DBGStopMode                      build/stm32h7xx_hal.o
HAL_FLASHEx_ComputeCRC                            build/stm32h7xx_hal_flash_ex.o
HAL_FLASHEx_Erase                                 build/stm32h7xx_hal_flash_ex.o
HAL_FLASHEx_Erase_IT                              build/stm32h7xx_hal_flash_ex.o
HAL_FLASHEx_Lock_Bank1                            build/stm32h7xx_hal_flash_ex.o
HAL_FLASHEx_OBGetConfig                           build/stm32h7xx_hal_flash_ex.o
HAL_FLASHEx_OBProgram                             build/stm32h7xx_hal_flash_ex.o
HAL_FLASHEx_Unlock_Bank1                          build/stm32h7xx_hal_flash_ex.o
HAL_FLASH_EndOfOperationCallback                  build/stm32h7xx_hal_flash.o
HAL_FLASH_GetError                                build/stm32h7xx_hal_flash.o
HAL_FLASH_IRQHandler                              build/stm32h7xx_hal_flash.o
HAL_FLASH_Lock                                    build/stm32h7xx_hal_flash.o
HAL_FLASH_OB_Launch                               build/stm32h7xx_hal_flash.o
HAL_FLASH_OB_Lock                                 build/stm32h7xx_hal_flash.o
HAL_FLASH_OB_Unlock                               build/stm32h7xx_hal_flash.o
HAL_FLASH_OperationErrorCallback                  build/stm32h7xx_hal_flash.o
HAL_FLASH_Program                                 build/stm32h7xx_hal_flash.o
HAL_FLASH_Program_IT                              build/stm32h7xx_hal_flash.o
HAL_FLASH_Unlock                                  build/stm32h7xx_hal_flash.o
HAL_GPIO_DeInit                                   build/stm32h7xx_hal_gpio.o
                                                  build/stm32h7xx_hal_msp.o
HAL_GPIO_EXTI_Callback                            build/stm32h7xx_hal_gpio.o
HAL_GPIO_EXTI_IRQHandler                          build/stm32h7xx_hal_gpio.o
HAL_GPIO_Init                                     build/stm32h7xx_hal_gpio.o
                                                  build/stm32h7xx_hal_rcc.o
                                                  build/stm32h7xx_hal_msp.o
                                                  build/main.o
HAL_GPIO_LockPin                                  build/stm32h7xx_hal_gpio.o